Archive member included to satisfy reference by file (symbol)

c:/st/stm32cubeide_1.5.1/stm32cubeide/plugins/com.st.stm32cube.ide.mcu.externaltools.gnu-tools-for-stm32.7-2018-q2-update.win32_1.5.0.202011040924/tools/bin/../lib/gcc/arm-none-eabi/7.3.1/../../../../arm-none-eabi/lib/thumb/v7-m\libc_nano.a(lib_a-errno.o)
                              Core/Src/syscalls.o (__errno)
c:/st/stm32cubeide_1.5.1/stm32cubeide/plugins/com.st.stm32cube.ide.mcu.externaltools.gnu-tools-for-stm32.7-2018-q2-update.win32_1.5.0.202011040924/tools/bin/../lib/gcc/arm-none-eabi/7.3.1/../../../../arm-none-eabi/lib/thumb/v7-m\libc_nano.a(lib_a-exit.o)
                              c:/st/stm32cubeide_1.5.1/stm32cubeide/plugins/com.st.stm32cube.ide.mcu.externaltools.gnu-tools-for-stm32.7-2018-q2-update.win32_1.5.0.202011040924/tools/bin/../lib/gcc/arm-none-eabi/7.3.1/../../../../arm-none-eabi/lib/thumb/v7-m/crt0.o (exit)
c:/st/stm32cubeide_1.5.1/stm32cubeide/plugins/com.st.stm32cube.ide.mcu.externaltools.gnu-tools-for-stm32.7-2018-q2-update.win32_1.5.0.202011040924/tools/bin/../lib/gcc/arm-none-eabi/7.3.1/../../../../arm-none-eabi/lib/thumb/v7-m\libc_nano.a(lib_a-impure.o)
                              c:/st/stm32cubeide_1.5.1/stm32cubeide/plugins/com.st.stm32cube.ide.mcu.externaltools.gnu-tools-for-stm32.7-2018-q2-update.win32_1.5.0.202011040924/tools/bin/../lib/gcc/arm-none-eabi/7.3.1/../../../../arm-none-eabi/lib/thumb/v7-m\libc_nano.a(lib_a-exit.o) (_global_impure_ptr)
c:/st/stm32cubeide_1.5.1/stm32cubeide/plugins/com.st.stm32cube.ide.mcu.externaltools.gnu-tools-for-stm32.7-2018-q2-update.win32_1.5.0.202011040924/tools/bin/../lib/gcc/arm-none-eabi/7.3.1/../../../../arm-none-eabi/lib/thumb/v7-m\libc_nano.a(lib_a-init.o)
                              c:/st/stm32cubeide_1.5.1/stm32cubeide/plugins/com.st.stm32cube.ide.mcu.externaltools.gnu-tools-for-stm32.7-2018-q2-update.win32_1.5.0.202011040924/tools/bin/../lib/gcc/arm-none-eabi/7.3.1/../../../../arm-none-eabi/lib/thumb/v7-m/crt0.o (__libc_init_array)
c:/st/stm32cubeide_1.5.1/stm32cubeide/plugins/com.st.stm32cube.ide.mcu.externaltools.gnu-tools-for-stm32.7-2018-q2-update.win32_1.5.0.202011040924/tools/bin/../lib/gcc/arm-none-eabi/7.3.1/../../../../arm-none-eabi/lib/thumb/v7-m\libc_nano.a(lib_a-memset.o)
                              c:/st/stm32cubeide_1.5.1/stm32cubeide/plugins/com.st.stm32cube.ide.mcu.externaltools.gnu-tools-for-stm32.7-2018-q2-update.win32_1.5.0.202011040924/tools/bin/../lib/gcc/arm-none-eabi/7.3.1/../../../../arm-none-eabi/lib/thumb/v7-m/crt0.o (memset)
c:/st/stm32cubeide_1.5.1/stm32cubeide/plugins/com.st.stm32cube.ide.mcu.externaltools.gnu-tools-for-stm32.7-2018-q2-update.win32_1.5.0.202011040924/tools/bin/../lib/gcc/arm-none-eabi/7.3.1/../../../../arm-none-eabi/lib/thumb/v7-m\libm.a(lib_a-s_round.o)
                              Core/Src/main.o (round)
c:/st/stm32cubeide_1.5.1/stm32cubeide/plugins/com.st.stm32cube.ide.mcu.externaltools.gnu-tools-for-stm32.7-2018-q2-update.win32_1.5.0.202011040924/tools/bin/../lib/gcc/arm-none-eabi/7.3.1/thumb/v7-m\libgcc.a(_arm_addsubdf3.o)
                              c:/st/stm32cubeide_1.5.1/stm32cubeide/plugins/com.st.stm32cube.ide.mcu.externaltools.gnu-tools-for-stm32.7-2018-q2-update.win32_1.5.0.202011040924/tools/bin/../lib/gcc/arm-none-eabi/7.3.1/../../../../arm-none-eabi/lib/thumb/v7-m\libm.a(lib_a-s_round.o) (__aeabi_dadd)
c:/st/stm32cubeide_1.5.1/stm32cubeide/plugins/com.st.stm32cube.ide.mcu.externaltools.gnu-tools-for-stm32.7-2018-q2-update.win32_1.5.0.202011040924/tools/bin/../lib/gcc/arm-none-eabi/7.3.1/thumb/v7-m\libgcc.a(_arm_muldivdf3.o)
                              Core/Src/STEPPER.o (__aeabi_ddiv)
c:/st/stm32cubeide_1.5.1/stm32cubeide/plugins/com.st.stm32cube.ide.mcu.externaltools.gnu-tools-for-stm32.7-2018-q2-update.win32_1.5.0.202011040924/tools/bin/../lib/gcc/arm-none-eabi/7.3.1/thumb/v7-m\libgcc.a(_arm_fixunsdfsi.o)
                              Core/Src/STEPPER.o (__aeabi_d2uiz)
c:/st/stm32cubeide_1.5.1/stm32cubeide/plugins/com.st.stm32cube.ide.mcu.externaltools.gnu-tools-for-stm32.7-2018-q2-update.win32_1.5.0.202011040924/tools/bin/../lib/gcc/arm-none-eabi/7.3.1/thumb/v7-m\libgcc.a(_arm_truncdfsf2.o)
                              Core/Src/main.o (__aeabi_d2f)

Allocating common symbols
Common symbol       size              file

AD_RES              0x8               Core/Src/main.o
degree_1            0x2               Core/Src/main.o
VirtAddVarTab       0x6               Core/Src/eeprom.o
step_1              0x4               Core/Src/main.o
MSB_2               0x1               Core/Src/main.o
step_2              0x4               Core/Src/main.o
Direction_2         0x1               Core/Src/main.o
uwTick              0x4               Drivers/STM32F1xx_HAL_Driver/Src/stm32f1xx_hal.o
pFlash              0x20              Drivers/STM32F1xx_HAL_Driver/Src/stm32f1xx_hal_flash.o
hadc1               0x30              Core/Src/main.o
hdma_usart1_rx      0x44              Core/Src/main.o
[...]
Memory Configuration

Name             Origin             Length             Attributes
RAM              0x0000000020000000 0x0000000000010000 xrw
FLASH            0x0000000008000000 0x0000000000080000 xr
*default*        0x0000000000000000 0xffffffffffffffff

Linker script and memory map

LOAD c:/st/stm32cubeide_1.5.1/stm32cubeide/plugins/com.st.stm32cube.ide.mcu.externaltools.gnu-tools-for-stm32.7-2018-q2-update.win32_1.5.0.202011040924/tools/bin/../lib/gcc/arm-none-eabi/7.3.1/thumb/v7-m/crti.o
LOAD c:/st/stm32cubeide_1.5.1/stm32cubeide/plugins/com.st.stm32cube.ide.mcu.externaltools.gnu-tools-for-stm32.7-2018-q2-update.win32_1.5.0.202011040924/tools/bin/../lib/gcc/arm-none-eabi/7.3.1/thumb/v7-m/crtbegin.o
LOAD c:/st/stm32cubeide_1.5.1/stm32cubeide/plugins/com.st.stm32cube.ide.mcu.externaltools.gnu-tools-for-stm32.7-2018-q2-update.win32_1.5.0.202011040924/tools/bin/../lib/gcc/arm-none-eabi/7.3.1/../../../../arm-none-eabi/lib/thumb/v7-m/crt0.o
LOAD Core/Src/DWT_Delay.o
LOAD Core/Src/STEPPER.o
LOAD Core/Src/STEPPER_cfg.o
LOAD Core/Src/clock_functions.o
LOAD Core/Src/eeprom.o
LOAD Core/Src/main.o
LOAD Core/Src/stm32f1xx_hal_msp.o
LOAD Core/Src/stm32f1xx_it.o
LOAD Core/Src/syscalls.o
LOAD Core/Src/sysmem.o
LOAD Core/Src/system_stm32f1xx.o
LOAD Core/Startup/startup_stm32f103zetx.o
LOAD Drivers/STM32F1xx_HAL_Driver/Src/stm32f1xx_hal.o
LOAD Drivers/STM32F1xx_HAL_Driver/Src/stm32f1xx_hal_adc.o
LOAD Drivers/STM32F1xx_HAL_Driver/Src/stm32f1xx_hal_adc_ex.o
LOAD Drivers/STM32F1xx_HAL_Driver/Src/stm32f1xx_hal_cortex.o
LOAD Drivers/STM32F1xx_HAL_Driver/Src/stm32f1xx_hal_dma.o
LOAD Drivers/STM32F1xx_HAL_Driver/Src/stm32f1xx_hal_exti.o
LOAD Drivers/STM32F1xx_HAL_Driver/Src/stm32f1xx_hal_flash.o
LOAD Drivers/STM32F1xx_HAL_Driver/Src/stm32f1xx_hal_flash_ex.o
LOAD Drivers/STM32F1xx_HAL_Driver/Src/stm32f1xx_hal_gpio.o
LOAD Drivers/STM32F1xx_HAL_Driver/Src/stm32f1xx_hal_gpio_ex.o
LOAD Drivers/STM32F1xx_HAL_Driver/Src/stm32f1xx_hal_pwr.o
LOAD Drivers/STM32F1xx_HAL_Driver/Src/stm32f1xx_hal_rcc.o
LOAD Drivers/STM32F1xx_HAL_Driver/Src/stm32f1xx_hal_rcc_ex.o
LOAD Drivers/STM32F1xx_HAL_Driver/Src/stm32f1xx_hal_tim.o
LOAD Drivers/STM32F1xx_HAL_Driver/Src/stm32f1xx_hal_tim_ex.o
LOAD Drivers/STM32F1xx_HAL_Driver/Src/stm32f1xx_hal_uart.o
START GROUP
LOAD c:/st/stm32cubeide_1.5.1/stm32cubeide/plugins/com.st.stm32cube.ide.mcu.externaltools.gnu-tools-for-stm32.7-2018-q2-update.win32_1.5.0.202011040924/tools/bin/../lib/gcc/arm-none-eabi/7.3.1/../../../../arm-none-eabi/lib/thumb/v7-m\libc_nano.a
LOAD c:/st/stm32cubeide_1.5.1/stm32cubeide/plugins/com.st.stm32cube.ide.mcu.externaltools.gnu-tools-for-stm32.7-2018-q2-update.win32_1.5.0.202011040924/tools/bin/../lib/gcc/arm-none-eabi/7.3.1/../../../../arm-none-eabi/lib/thumb/v7-m\libm.a
END GROUP
START GROUP
LOAD c:/st/stm32cubeide_1.5.1/stm32cubeide/plugins/com.st.stm32cube.ide.mcu.externaltools.gnu-tools-for-stm32.7-2018-q2-update.win32_1.5.0.202011040924/tools/bin/../lib/gcc/arm-none-eabi/7.3.1/thumb/v7-m\libgcc.a
LOAD c:/st/stm32cubeide_1.5.1/stm32cubeide/plugins/com.st.stm32cube.ide.mcu.externaltools.gnu-tools-for-stm32.7-2018-q2-update.win32_1.5.0.202011040924/tools/bin/../lib/gcc/arm-none-eabi/7.3.1/../../../../arm-none-eabi/lib/thumb/v7-m\libc_nano.a
END GROUP
START GROUP
LOAD c:/st/stm32cubeide_1.5.1/stm32cubeide/plugins/com.st.stm32cube.ide.mcu.externaltools.gnu-tools-for-stm32.7-2018-q2-update.win32_1.5.0.202011040924/tools/bin/../lib/gcc/arm-none-eabi/7.3.1/thumb/v7-m\libgcc.a
LOAD c:/st/stm32cubeide_1.5.1/stm32cubeide/plugins/com.st.stm32cube.ide.mcu.externaltools.gnu-tools-for-stm32.7-2018-q2-update.win32_1.5.0.202011040924/tools/bin/../lib/gcc/arm-none-eabi/7.3.1/../../../../arm-none-eabi/lib/thumb/v7-m\libc_nano.a
LOAD c:/st/stm32cubeide_1.5.1/stm32cubeide/plugins/com.st.stm32cube.ide.mcu.externaltools.gnu-tools-for-stm32.7-2018-q2-update.win32_1.5.0.202011040924/tools/bin/../lib/gcc/arm-none-eabi/7.3.1/../../../../arm-none-eabi/lib/thumb/v7-m\libnosys.a
END GROUP
START GROUP
LOAD c:/st/stm32cubeide_1.5.1/stm32cubeide/plugins/com.st.stm32cube.ide.mcu.externaltools.gnu-tools-for-stm32.7-2018-q2-update.win32_1.5.0.202011040924/tools/bin/../lib/gcc/arm-none-eabi/7.3.1/thumb/v7-m\libgcc.a
LOAD c:/st/stm32cubeide_1.5.1/stm32cubeide/plugins/com.st.stm32cube.ide.mcu.externaltools.gnu-tools-for-stm32.7-2018-q2-update.win32_1.5.0.202011040924/tools/bin/../lib/gcc/arm-none-eabi/7.3.1/../../../../arm-none-eabi/lib/thumb/v7-m\libc_nano.a
LOAD c:/st/stm32cubeide_1.5.1/stm32cubeide/plugins/com.st.stm32cube.ide.mcu.externaltools.gnu-tools-for-stm32.7-2018-q2-update.win32_1.5.0.202011040924/tools/bin/../lib/gcc/arm-none-eabi/7.3.1/../../../../arm-none-eabi/lib/thumb/v7-m\libnosys.a
END GROUP
LOAD c:/st/stm32cubeide_1.5.1/stm32cubeide/plugins/com.st.stm32cube.ide.mcu.externaltools.gnu-tools-for-stm32.7-2018-q2-update.win32_1.5.0.202011040924/tools/bin/../lib/gcc/arm-none-eabi/7.3.1/thumb/v7-m/crtend.o
LOAD c:/st/stm32cubeide_1.5.1/stm32cubeide/plugins/com.st.stm32cube.ide.mcu.externaltools.gnu-tools-for-stm32.7-2018-q2-update.win32_1.5.0.202011040924/tools/bin/../lib/gcc/arm-none-eabi/7.3.1/thumb/v7-m/crtn.o
                0x0000000020010000                _estack = (ORIGIN (RAM) + LENGTH (RAM))
                0x0000000000000200                _Min_Heap_Size = 0x200
                0x0000000000000400                _Min_Stack_Size = 0x400

.isr_vector     0x0000000008000000      0x1e4
                0x0000000008000000                . = ALIGN (0x4)
 *(.isr_vector)
 .isr_vector    0x0000000008000000      0x1e4 Core/Startup/startup_stm32f103zetx.o
                0x0000000008000000                g_pfnVectors
                0x00000000080001e4                . = ALIGN (0x4)

.text           0x00000000080001e8     0x663c
                0x00000000080001e8                . = ALIGN (0x4)
 *(.text)
 .text          0x00000000080001e8       0x40 c:/st/stm32cubeide_1.5.1/stm32cubeide/plugins/com.st.stm32cube.ide.mcu.externaltools.gnu-tools-for-stm32.7-2018-q2-update.win32_1.5.0.202011040924/tools/bin/../lib/gcc/arm-none-eabi/7.3.1/thumb/v7-m/crtbegin.o
 .text          0x0000000008000228      0x378 c:/st/stm32cubeide_1.5.1/stm32cubeide/plugins/com.st.stm32cube.ide.mcu.externaltools.gnu-tools-for-stm32.7-2018-q2-update.win32_1.5.0.202011040924/tools/bin/../lib/gcc/arm-none-eabi/7.3.1/thumb/v7-m\libgcc.a(_arm_addsubdf3.o)
                0x0000000008000228                __aeabi_drsub
                0x0000000008000230                __aeabi_dsub
                0x0000000008000230                __subdf3
                0x0000000008000234                __aeabi_dadd
                0x0000000008000234                __adddf3
                0x00000000080004ac                __floatunsidf
                0x00000000080004ac                __aeabi_ui2d
                0x00000000080004cc                __floatsidf
                0x00000000080004cc                __aeabi_i2d
                0x00000000080004f0                __aeabi_f2d
                0x00000000080004f0                __extendsfdf2
                0x0000000008000534                __floatundidf
                0x0000000008000534                __aeabi_ul2d
                0x0000000008000544                __floatdidf
                0x0000000008000544                __aeabi_l2d
 .text          0x00000000080005a0      0x424 c:/st/stm32cubeide_1.5.1/stm32cubeide/plugins/com.st.stm32cube.ide.mcu.externaltools.gnu-tools-for-stm32.7-2018-q2-update.win32_1.5.0.202011040924/tools/bin/../lib/gcc/arm-none-eabi/7.3.1/thumb/v7-m\libgcc.a(_arm_muldivdf3.o)
                0x00000000080005a0                __aeabi_dmul
                0x00000000080005a0                __muldf3
                0x00000000080007f4                __divdf3
                0x00000000080007f4                __aeabi_ddiv
 .text          0x00000000080009c4       0x40 c:/st/stm32cubeide_1.5.1/stm32cubeide/plugins/com.st.stm32cube.ide.mcu.externaltools.gnu-tools-for-stm32.7-2018-q2-update.win32_1.5.0.202011040924/tools/bin/../lib/gcc/arm-none-eabi/7.3.1/thumb/v7-m\libgcc.a(_arm_fixunsdfsi.o)
                0x00000000080009c4                __aeabi_d2uiz
                0x00000000080009c4                __fixunsdfsi
 .text          0x0000000008000a04       0xa0 c:/st/stm32cubeide_1.5.1/stm32cubeide/plugins/com.st.stm32cube.ide.mcu.externaltools.gnu-tools-for-stm32.7-2018-q2-update.win32_1.5.0.202011040924/tools/bin/../lib/gcc/arm-none-eabi/7.3.1/thumb/v7-m\libgcc.a(_arm_truncdfsf2.o)
                0x0000000008000a04                __truncdfsf2
                0x0000000008000a04                __aeabi_d2f
 *(.text*)
 .text.DWT_Delay_Init
                0x0000000008000aa4       0x60 Core/Src/DWT_Delay.o
                0x0000000008000aa4                DWT_Delay_Init
 .text.STEPPERS_Init
                0x0000000008000b04      0x2f0 Core/Src/STEPPER.o
                0x0000000008000b04                STEPPERS_Init
 .text.STEPPERS_Init_TMR
                0x0000000008000df4       0x94 Core/Src/STEPPER.o
                0x0000000008000df4                STEPPERS_Init_TMR
 .text.STEPPER_SetSpeed
                0x0000000008000e88       0xc8 Core/Src/STEPPER.o
                0x0000000008000e88                STEPPER_SetSpeed
 .text.STEPPER_One_Step
                0x0000000008000f50      0x4d8 Core/Src/STEPPER.o
 .text.STEPPER_Step_NonBlocking
                0x0000000008001428       0x58 Core/Src/STEPPER.o
                0x0000000008001428                STEPPER_Step_NonBlocking
 .text.STEPPER_Stop
                0x0000000008001480       0x2c Core/Src/STEPPER.o
                0x0000000008001480                STEPPER_Stop
 .text.STEPPER_TMR_OVF_ISR
                0x00000000080014ac       0xec Core/Src/STEPPER.o
                0x00000000080014ac                STEPPER_TMR_OVF_ISR
 .text.set_id   0x0000000008001598       0x34 Core/Src/clock_functions.o
                0x0000000008001598                set_id
 .text.start_clock
                0x00000000080015cc       0xa0 Core/Src/clock_functions.o
                0x00000000080015cc                start_clock
 .text.spec_position
                0x000000000800166c       0xa8 Core/Src/clock_functions.o
                0x000000000800166c                spec_position
 .text.EE_Init  0x0000000008001714      0x3b4 Core/Src/eeprom.o
                0x0000000008001714                EE_Init
 .text.EE_VerifyPageFullyErased
                0x0000000008001ac8       0x4c Core/Src/eeprom.o
 .text.EE_ReadVariable
                0x0000000008001b14       0x94 Core/Src/eeprom.o
                0x0000000008001b14                EE_ReadVariable
 .text.EE_WriteVariable
                0x0000000008001ba8       0x44 Core/Src/eeprom.o
                0x0000000008001ba8                EE_WriteVariable
 .text.EE_Format
                0x0000000008001bec       0xa0 Core/Src/eeprom.o
 .text.EE_FindValidPage
                0x0000000008001c8c       0x88 Core/Src/eeprom.o
 .text.EE_VerifyPageFullWriteVariable
                0x0000000008001d14       0xbc Core/Src/eeprom.o
 .text.EE_PageTransfer
                0x0000000008001dd0      0x174 Core/Src/eeprom.o
 .text.HAL_UART_RxCpltCallback
                0x0000000008001f44       0x1c Core/Src/main.o
                0x0000000008001f44                HAL_UART_RxCpltCallback
 .text.HAL_TIM_PeriodElapsedCallback
                0x0000000008001f60       0x16 Core/Src/main.o
                0x0000000008001f60                HAL_TIM_PeriodElapsedCallback
 *fill*         0x0000000008001f76        0x2 
 .text.main     0x0000000008001f78      0x2d8 Core/Src/main.o
                0x0000000008001f78                main
 .text.SystemClock_Config
                0x0000000008002250       0xba Core/Src/main.o
                0x0000000008002250                SystemClock_Config
 *fill*         0x000000000800230a        0x2 
 .text.MX_ADC1_Init
                0x000000000800230c       0x9c Core/Src/main.o
 .text.MX_USART1_UART_Init
                0x00000000080023a8       0x54 Core/Src/main.o
 .text.MX_DMA_Init
                0x00000000080023fc       0x4c Core/Src/main.o
 .text.MX_GPIO_Init
                0x0000000008002448       0xc4 Core/Src/main.o
 .text.Error_Handler
                0x000000000800250c        0x8 Core/Src/main.o
                0x000000000800250c                Error_Handler
 .text.HAL_MspInit
                0x0000000008002514       0x64 Core/Src/stm32f1xx_hal_msp.o
                0x0000000008002514                HAL_MspInit
 .text.HAL_ADC_MspInit
                0x0000000008002578       0xe0 Core/Src/stm32f1xx_hal_msp.o
                0x0000000008002578                HAL_ADC_MspInit
 .text.HAL_TIM_Base_MspInit
                0x0000000008002658       0x7c Core/Src/stm32f1xx_hal_msp.o
                0x0000000008002658                HAL_TIM_Base_MspInit
 .text.HAL_UART_MspInit
                0x00000000080026d4       0xfc Core/Src/stm32f1xx_hal_msp.o
                0x00000000080026d4                HAL_UART_MspInit
 .text.NMI_Handler
                0x00000000080027d0        0x6 Core/Src/stm32f1xx_it.o
                0x00000000080027d0                NMI_Handler
 .text.HardFault_Handler
                0x00000000080027d6        0x6 Core/Src/stm32f1xx_it.o
                0x00000000080027d6                HardFault_Handler
 .text.MemManage_Handler
                0x00000000080027dc        0x6 Core/Src/stm32f1xx_it.o
                0x00000000080027dc                MemManage_Handler
 .text.BusFault_Handler
                0x00000000080027e2        0x6 Core/Src/stm32f1xx_it.o
                0x00000000080027e2                BusFault_Handler
 .text.UsageFault_Handler
                0x00000000080027e8        0x6 Core/Src/stm32f1xx_it.o
                0x00000000080027e8                UsageFault_Handler
 .text.SVC_Handler
                0x00000000080027ee        0xc Core/Src/stm32f1xx_it.o
                0x00000000080027ee                SVC_Handler
 .text.DebugMon_Handler
                0x00000000080027fa        0xc Core/Src/stm32f1xx_it.o
                0x00000000080027fa                DebugMon_Handler
 .text.PendSV_Handler
                0x0000000008002806        0xc Core/Src/stm32f1xx_it.o
                0x0000000008002806                PendSV_Handler
 .text.SysTick_Handler
                0x0000000008002812        0xc Core/Src/stm32f1xx_it.o
                0x0000000008002812                SysTick_Handler
 *fill*         0x000000000800281e        0x2 
 .text.DMA1_Channel1_IRQHandler
                0x0000000008002820       0x14 Core/Src/stm32f1xx_it.o
                0x0000000008002820                DMA1_Channel1_IRQHandler
 .text.DMA1_Channel5_IRQHandler
                0x0000000008002834       0x14 Core/Src/stm32f1xx_it.o
                0x0000000008002834                DMA1_Channel5_IRQHandler
 .text.ADC1_2_IRQHandler
                0x0000000008002848       0x14 Core/Src/stm32f1xx_it.o
                0x0000000008002848                ADC1_2_IRQHandler
 .text.TIM1_BRK_IRQHandler
                0x000000000800285c       0x14 Core/Src/stm32f1xx_it.o
                0x000000000800285c                TIM1_BRK_IRQHandler
 .text.TIM1_UP_IRQHandler
                0x0000000008002870       0x14 Core/Src/stm32f1xx_it.o
                0x0000000008002870                TIM1_UP_IRQHandler
 .text.TIM1_TRG_COM_IRQHandler
                0x0000000008002884       0x14 Core/Src/stm32f1xx_it.o
                0x0000000008002884                TIM1_TRG_COM_IRQHandler
 .text.TIM1_CC_IRQHandler
                0x0000000008002898       0x14 Core/Src/stm32f1xx_it.o
                0x0000000008002898                TIM1_CC_IRQHandler
 .text.USART1_IRQHandler
                0x00000000080028ac       0x14 Core/Src/stm32f1xx_it.o
                0x00000000080028ac                USART1_IRQHandler
 .text.SystemInit
                0x00000000080028c0        0xc Core/Src/system_stm32f1xx.o
                0x00000000080028c0                SystemInit
 .text.Reset_Handler
                0x00000000080028cc       0x48 Core/Startup/startup_stm32f103zetx.o
                0x00000000080028cc                Reset_Handler
 .text.Default_Handler
                0x0000000008002914        0x2 Core/Startup/startup_stm32f103zetx.o
                0x0000000008002914                RTC_Alarm_IRQHandler
                0x0000000008002914                EXTI2_IRQHandler
                0x0000000008002914                TIM8_TRG_COM_IRQHandler
                0x0000000008002914                TIM8_CC_IRQHandler
                0x0000000008002914                TIM6_IRQHandler
                0x0000000008002914                PVD_IRQHandler
                0x0000000008002914                SDIO_IRQHandler
                0x0000000008002914                EXTI3_IRQHandler
                0x0000000008002914                EXTI0_IRQHandler
                0x0000000008002914                I2C2_EV_IRQHandler
                0x0000000008002914                SPI1_IRQHandler
                0x0000000008002914                TAMPER_IRQHandler
                0x0000000008002914                TIM8_UP_IRQHandler
                0x0000000008002914                DMA2_Channel2_IRQHandler
                0x0000000008002914                DMA1_Channel4_IRQHandler
                0x0000000008002914                USART3_IRQHandler
                0x0000000008002914                RTC_IRQHandler
                0x0000000008002914                DMA1_Channel7_IRQHandler
                0x0000000008002914                CAN1_RX1_IRQHandler
                0x0000000008002914                UART5_IRQHandler
                0x0000000008002914                ADC3_IRQHandler
                0x0000000008002914                TIM4_IRQHandler
                0x0000000008002914                DMA2_Channel1_IRQHandler
                0x0000000008002914                I2C1_EV_IRQHandler
                0x0000000008002914                DMA1_Channel6_IRQHandler
                0x0000000008002914                UART4_IRQHandler
                0x0000000008002914                TIM3_IRQHandler
                0x0000000008002914                RCC_IRQHandler
                0x0000000008002914                Default_Handler
                0x0000000008002914                EXTI15_10_IRQHandler
                0x0000000008002914                TIM7_IRQHandler
                0x0000000008002914                TIM5_IRQHandler
                0x0000000008002914                EXTI9_5_IRQHandler
                0x0000000008002914                SPI2_IRQHandler
                0x0000000008002914                EXTI4_IRQHandler
                0x0000000008002914                USB_LP_CAN1_RX0_IRQHandler
                0x0000000008002914                USB_HP_CAN1_TX_IRQHandler
                0x0000000008002914                DMA1_Channel3_IRQHandler
                0x0000000008002914                FSMC_IRQHandler
                0x0000000008002914                WWDG_IRQHandler
                0x0000000008002914                TIM2_IRQHandler
                0x0000000008002914                EXTI1_IRQHandler
                0x0000000008002914                DMA2_Channel4_5_IRQHandler
                0x0000000008002914                USART2_IRQHandler
                0x0000000008002914                I2C2_ER_IRQHandler
                0x0000000008002914                DMA1_Channel2_IRQHandler
                0x0000000008002914                TIM8_BRK_IRQHandler
                0x0000000008002914                CAN1_SCE_IRQHandler
                0x0000000008002914                FLASH_IRQHandler
                0x0000000008002914                SPI3_IRQHandler
                0x0000000008002914                I2C1_ER_IRQHandler
                0x0000000008002914                USBWakeUp_IRQHandler
                0x0000000008002914                DMA2_Channel3_IRQHandler
 *fill*         0x0000000008002916        0x2 
 .text.HAL_Init
                0x0000000008002918       0x2c Drivers/STM32F1xx_HAL_Driver/Src/stm32f1xx_hal.o
                0x0000000008002918                HAL_Init
 .text.HAL_InitTick
                0x0000000008002944       0x60 Drivers/STM32F1xx_HAL_Driver/Src/stm32f1xx_hal.o
                0x0000000008002944                HAL_InitTick
 .text.HAL_IncTick
                0x00000000080029a4       0x24 Drivers/STM32F1xx_HAL_Driver/Src/stm32f1xx_hal.o
                0x00000000080029a4                HAL_IncTick
 .text.HAL_GetTick
                0x00000000080029c8       0x14 Drivers/STM32F1xx_HAL_Driver/Src/stm32f1xx_hal.o
                0x00000000080029c8                HAL_GetTick
 .text.HAL_ADC_Init
                0x00000000080029dc      0x1d4 Drivers/STM32F1xx_HAL_Driver/Src/stm32f1xx_hal_adc.o
                0x00000000080029dc                HAL_ADC_Init
 .text.HAL_ADC_Start_IT
                0x0000000008002bb0      0x16c Drivers/STM32F1xx_HAL_Driver/Src/stm32f1xx_hal_adc.o
                0x0000000008002bb0                HAL_ADC_Start_IT
 .text.HAL_ADC_Start_DMA
                0x0000000008002d1c      0x1bc Drivers/STM32F1xx_HAL_Driver/Src/stm32f1xx_hal_adc.o
                0x0000000008002d1c                HAL_ADC_Start_DMA
 .text.HAL_ADC_IRQHandler
                0x0000000008002ed8      0x186 Drivers/STM32F1xx_HAL_Driver/Src/stm32f1xx_hal_adc.o
                0x0000000008002ed8                HAL_ADC_IRQHandler
 .text.HAL_ADC_ConvCpltCallback
                0x000000000800305e       0x12 Drivers/STM32F1xx_HAL_Driver/Src/stm32f1xx_hal_adc.o
                0x000000000800305e                HAL_ADC_ConvCpltCallback
 .text.HAL_ADC_ConvHalfCpltCallback
                0x0000000008003070       0x12 Drivers/STM32F1xx_HAL_Driver/Src/stm32f1xx_hal_adc.o
                0x0000000008003070                HAL_ADC_ConvHalfCpltCallback
 .text.HAL_ADC_LevelOutOfWindowCallback
                0x0000000008003082       0x12 Drivers/STM32F1xx_HAL_Driver/Src/stm32f1xx_hal_adc.o
                0x0000000008003082                HAL_ADC_LevelOutOfWindowCallback
 .text.HAL_ADC_ErrorCallback
                0x0000000008003094       0x12 Drivers/STM32F1xx_HAL_Driver/Src/stm32f1xx_hal_adc.o
                0x0000000008003094                HAL_ADC_ErrorCallback
 *fill*         0x00000000080030a6        0x2 
 .text.HAL_ADC_ConfigChannel
                0x00000000080030a8      0x1f0 Drivers/STM32F1xx_HAL_Driver/Src/stm32f1xx_hal_adc.o
                0x00000000080030a8                HAL_ADC_ConfigChannel
 .text.ADC_Enable
                0x0000000008003298       0xb4 Drivers/STM32F1xx_HAL_Driver/Src/stm32f1xx_hal_adc.o
                0x0000000008003298                ADC_Enable
 .text.ADC_ConversionStop_Disable
                0x000000000800334c       0x82 Drivers/STM32F1xx_HAL_Driver/Src/stm32f1xx_hal_adc.o
                0x000000000800334c                ADC_ConversionStop_Disable
 .text.ADC_DMAConvCplt
                0x00000000080033ce       0x7c Drivers/STM32F1xx_HAL_Driver/Src/stm32f1xx_hal_adc.o
                0x00000000080033ce                ADC_DMAConvCplt
 .text.ADC_DMAHalfConvCplt
                0x000000000800344a       0x1c Drivers/STM32F1xx_HAL_Driver/Src/stm32f1xx_hal_adc.o
                0x000000000800344a                ADC_DMAHalfConvCplt
 .text.ADC_DMAError
                0x0000000008003466       0x34 Drivers/STM32F1xx_HAL_Driver/Src/stm32f1xx_hal_adc.o
                0x0000000008003466                ADC_DMAError
 *fill*         0x000000000800349a        0x2 
 .text.HAL_ADCEx_Calibration_Start
                0x000000000800349c      0x158 Drivers/STM32F1xx_HAL_Driver/Src/stm32f1xx_hal_adc_ex.o
                0x000000000800349c                HAL_ADCEx_Calibration_Start
 .text.HAL_ADCEx_InjectedConvCpltCallback
                0x00000000080035f4       0x12 Drivers/STM32F1xx_HAL_Driver/Src/stm32f1xx_hal_adc_ex.o
                0x00000000080035f4                HAL_ADCEx_InjectedConvCpltCallback
 *fill*         0x0000000008003606        0x2 
 .text.__NVIC_SetPriorityGrouping
                0x0000000008003608       0x48 Drivers/STM32F1xx_HAL_Driver/Src/stm32f1xx_hal_cortex.o
 .text.__NVIC_GetPriorityGrouping
                0x0000000008003650       0x1c Drivers/STM32F1xx_HAL_Driver/Src/stm32f1xx_hal_cortex.o
 .text.__NVIC_EnableIRQ
                0x000000000800366c       0x38 Drivers/STM32F1xx_HAL_Driver/Src/stm32f1xx_hal_cortex.o
 .text.__NVIC_SetPriority
                0x00000000080036a4       0x54 Drivers/STM32F1xx_HAL_Driver/Src/stm32f1xx_hal_cortex.o
 .text.NVIC_EncodePriority
                0x00000000080036f8       0x64 Drivers/STM32F1xx_HAL_Driver/Src/stm32f1xx_hal_cortex.o
 .text.SysTick_Config
                0x000000000800375c       0x44 Drivers/STM32F1xx_HAL_Driver/Src/stm32f1xx_hal_cortex.o
 .text.HAL_NVIC_SetPriorityGrouping
                0x00000000080037a0       0x16 Drivers/STM32F1xx_HAL_Driver/Src/stm32f1xx_hal_cortex.o
                0x00000000080037a0                HAL_NVIC_SetPriorityGrouping
 .text.HAL_NVIC_SetPriority
                0x00000000080037b6       0x38 Drivers/STM32F1xx_HAL_Driver/Src/stm32f1xx_hal_cortex.o
                0x00000000080037b6                HAL_NVIC_SetPriority
 .text.HAL_NVIC_EnableIRQ
                0x00000000080037ee       0x1c Drivers/STM32F1xx_HAL_Driver/Src/stm32f1xx_hal_cortex.o
                0x00000000080037ee                HAL_NVIC_EnableIRQ
 .text.HAL_SYSTICK_Config
                0x000000000800380a       0x18 Drivers/STM32F1xx_HAL_Driver/Src/stm32f1xx_hal_cortex.o
                0x000000000800380a                HAL_SYSTICK_Config
 *fill*         0x0000000008003822        0x2 
 .text.HAL_DMA_Init
                0x0000000008003824       0xec Drivers/STM32F1xx_HAL_Driver/Src/stm32f1xx_hal_dma.o
                0x0000000008003824                HAL_DMA_Init
 .text.HAL_DMA_Start_IT
                0x0000000008003910       0xbe Drivers/STM32F1xx_HAL_Driver/Src/stm32f1xx_hal_dma.o
                0x0000000008003910                HAL_DMA_Start_IT
 .text.HAL_DMA_Abort
                0x00000000080039ce       0x74 Drivers/STM32F1xx_HAL_Driver/Src/stm32f1xx_hal_dma.o
                0x00000000080039ce                HAL_DMA_Abort
 *fill*         0x0000000008003a42        0x2 
 .text.HAL_DMA_Abort_IT
                0x0000000008003a44      0x210 Drivers/STM32F1xx_HAL_Driver/Src/stm32f1xx_hal_dma.o
                0x0000000008003a44                HAL_DMA_Abort_IT
 .text.HAL_DMA_IRQHandler
                0x0000000008003c54      0x478 Drivers/STM32F1xx_HAL_Driver/Src/stm32f1xx_hal_dma.o
                0x0000000008003c54                HAL_DMA_IRQHandler
 .text.DMA_SetConfig
                0x00000000080040cc       0x5a Drivers/STM32F1xx_HAL_Driver/Src/stm32f1xx_hal_dma.o
 *fill*         0x0000000008004126        0x2 
 .text.HAL_FLASH_Program
                0x0000000008004128       0xe0 Drivers/STM32F1xx_HAL_Driver/Src/stm32f1xx_hal_flash.o
                0x0000000008004128                HAL_FLASH_Program
 .text.HAL_FLASH_Unlock
                0x0000000008004208       0x4c Drivers/STM32F1xx_HAL_Driver/Src/stm32f1xx_hal_flash.o
                0x0000000008004208                HAL_FLASH_Unlock
 .text.FLASH_Program_HalfWord
                0x0000000008004254       0x38 Drivers/STM32F1xx_HAL_Driver/Src/stm32f1xx_hal_flash.o
 .text.FLASH_WaitForLastOperation
                0x000000000800428c       0x8c Drivers/STM32F1xx_HAL_Driver/Src/stm32f1xx_hal_flash.o
                0x000000000800428c                FLASH_WaitForLastOperation
 .text.FLASH_SetErrorCode
                0x0000000008004318       0xa0 Drivers/STM32F1xx_HAL_Driver/Src/stm32f1xx_hal_flash.o
 .text.HAL_FLASHEx_Erase
                0x00000000080043b8       0xd8 Drivers/STM32F1xx_HAL_Driver/Src/stm32f1xx_hal_flash_ex.o
                0x00000000080043b8                HAL_FLASHEx_Erase
 .text.FLASH_MassErase
                0x0000000008004490       0x38 Drivers/STM32F1xx_HAL_Driver/Src/stm32f1xx_hal_flash_ex.o
 .text.FLASH_PageErase
                0x00000000080044c8       0x40 Drivers/STM32F1xx_HAL_Driver/Src/stm32f1xx_hal_flash_ex.o
                0x00000000080044c8                FLASH_PageErase
 .text.HAL_GPIO_Init
                0x0000000008004508      0x2d4 Drivers/STM32F1xx_HAL_Driver/Src/stm32f1xx_hal_gpio.o
                0x0000000008004508                HAL_GPIO_Init
 .text.HAL_GPIO_WritePin
                0x00000000080047dc       0x30 Drivers/STM32F1xx_HAL_Driver/Src/stm32f1xx_hal_gpio.o
                0x00000000080047dc                HAL_GPIO_WritePin
 .text.HAL_RCC_OscConfig
                0x000000000800480c      0x500 Drivers/STM32F1xx_HAL_Driver/Src/stm32f1xx_hal_rcc.o
                0x000000000800480c                HAL_RCC_OscConfig
 .text.HAL_RCC_ClockConfig
                0x0000000008004d0c      0x1d4 Drivers/STM32F1xx_HAL_Driver/Src/stm32f1xx_hal_rcc.o
                0x0000000008004d0c                HAL_RCC_ClockConfig
 .text.HAL_RCC_GetSysClockFreq
                0x0000000008004ee0       0xc4 Drivers/STM32F1xx_HAL_Driver/Src/stm32f1xx_hal_rcc.o
                0x0000000008004ee0                HAL_RCC_GetSysClockFreq
 .text.HAL_RCC_GetHCLKFreq
                0x0000000008004fa4       0x14 Drivers/STM32F1xx_HAL_Driver/Src/stm32f1xx_hal_rcc.o
                0x0000000008004fa4                HAL_RCC_GetHCLKFreq
 .text.HAL_RCC_GetPCLK1Freq
                0x0000000008004fb8       0x28 Drivers/STM32F1xx_HAL_Driver/Src/stm32f1xx_hal_rcc.o
                0x0000000008004fb8                HAL_RCC_GetPCLK1Freq
 .text.HAL_RCC_GetPCLK2Freq
                0x0000000008004fe0       0x28 Drivers/STM32F1xx_HAL_Driver/Src/stm32f1xx_hal_rcc.o
                0x0000000008004fe0                HAL_RCC_GetPCLK2Freq
 .text.RCC_Delay
                0x0000000008005008       0x3c Drivers/STM32F1xx_HAL_Driver/Src/stm32f1xx_hal_rcc.o
 .text.HAL_RCCEx_PeriphCLKConfig
                0x0000000008005044      0x16c Drivers/STM32F1xx_HAL_Driver/Src/stm32f1xx_hal_rcc_ex.o
                0x0000000008005044                HAL_RCCEx_PeriphCLKConfig
 .text.HAL_RCCEx_GetPeriphCLKFreq
                0x00000000080051b0      0x1d0 Drivers/STM32F1xx_HAL_Driver/Src/stm32f1xx_hal_rcc_ex.o
                0x00000000080051b0                HAL_RCCEx_GetPeriphCLKFreq
 .text.HAL_TIM_Base_Init
                0x0000000008005380       0x9e Drivers/STM32F1xx_HAL_Driver/Src/stm32f1xx_hal_tim.o
                0x0000000008005380                HAL_TIM_Base_Init
 *fill*         0x000000000800541e        0x2 
 .text.HAL_TIM_Base_Start_IT
                0x0000000008005420       0xc0 Drivers/STM32F1xx_HAL_Driver/Src/stm32f1xx_hal_tim.o
                0x0000000008005420                HAL_TIM_Base_Start_IT
 .text.HAL_TIM_IRQHandler
                0x00000000080054e0      0x210 Drivers/STM32F1xx_HAL_Driver/Src/stm32f1xx_hal_tim.o
                0x00000000080054e0                HAL_TIM_IRQHandler
 .text.HAL_TIM_ConfigClockSource
                0x00000000080056f0      0x16e Drivers/STM32F1xx_HAL_Driver/Src/stm32f1xx_hal_tim.o
                0x00000000080056f0                HAL_TIM_ConfigClockSource
 .text.HAL_TIM_OC_DelayElapsedCallback
                0x000000000800585e       0x12 Drivers/STM32F1xx_HAL_Driver/Src/stm32f1xx_hal_tim.o
                0x000000000800585e                HAL_TIM_OC_DelayElapsedCallback
 .text.HAL_TIM_IC_CaptureCallback
                0x0000000008005870       0x12 Drivers/STM32F1xx_HAL_Driver/Src/stm32f1xx_hal_tim.o
                0x0000000008005870                HAL_TIM_IC_CaptureCallback
 .text.HAL_TIM_PWM_PulseFinishedCallback
                0x0000000008005882       0x12 Drivers/STM32F1xx_HAL_Driver/Src/stm32f1xx_hal_tim.o
                0x0000000008005882                HAL_TIM_PWM_PulseFinishedCallback
 .text.HAL_TIM_TriggerCallback
                0x0000000008005894       0x12 Drivers/STM32F1xx_HAL_Driver/Src/stm32f1xx_hal_tim.o
                0x0000000008005894                HAL_TIM_TriggerCallback
 *fill*         0x00000000080058a6        0x2 
 .text.TIM_Base_SetConfig
                0x00000000080058a8       0xf4 Drivers/STM32F1xx_HAL_Driver/Src/stm32f1xx_hal_tim.o
                0x00000000080058a8                TIM_Base_SetConfig
 .text.TIM_TI1_ConfigInputStage
                0x000000000800599c       0x5c Drivers/STM32F1xx_HAL_Driver/Src/stm32f1xx_hal_tim.o
 .text.TIM_TI2_ConfigInputStage
                0x00000000080059f8       0x5e Drivers/STM32F1xx_HAL_Driver/Src/stm32f1xx_hal_tim.o
 .text.TIM_ITRx_SetConfig
                0x0000000008005a56       0x34 Drivers/STM32F1xx_HAL_Driver/Src/stm32f1xx_hal_tim.o
 .text.TIM_ETR_SetConfig
                0x0000000008005a8a       0x3e Drivers/STM32F1xx_HAL_Driver/Src/stm32f1xx_hal_tim.o
                0x0000000008005a8a                TIM_ETR_SetConfig
 .text.HAL_TIMEx_MasterConfigSynchronization
                0x0000000008005ac8       0xd8 Drivers/STM32F1xx_HAL_Driver/Src/stm32f1xx_hal_tim_ex.o
                0x0000000008005ac8                HAL_TIMEx_MasterConfigSynchronization
 .text.HAL_TIMEx_CommutCallback
                0x0000000008005ba0       0x12 Drivers/STM32F1xx_HAL_Driver/Src/stm32f1xx_hal_tim_ex.o
                0x0000000008005ba0                HAL_TIMEx_CommutCallback
 .text.HAL_TIMEx_BreakCallback
                0x0000000008005bb2       0x12 Drivers/STM32F1xx_HAL_Driver/Src/stm32f1xx_hal_tim_ex.o
                0x0000000008005bb2                HAL_TIMEx_BreakCallback
 .text.HAL_UART_Init
                0x0000000008005bc4       0x9a Drivers/STM32F1xx_HAL_Driver/Src/stm32f1xx_hal_uart.o
                0x0000000008005bc4                HAL_UART_Init
 .text.HAL_UART_Receive_DMA
                0x0000000008005c5e       0x60 Drivers/STM32F1xx_HAL_Driver/Src/stm32f1xx_hal_uart.o
                0x0000000008005c5e                HAL_UART_Receive_DMA
 .text.HAL_UART_DMAStop
                0x0000000008005cbe       0xb6 Drivers/STM32F1xx_HAL_Driver/Src/stm32f1xx_hal_uart.o
                0x0000000008005cbe                HAL_UART_DMAStop
 .text.HAL_UART_IRQHandler
                0x0000000008005d74      0x358 Drivers/STM32F1xx_HAL_Driver/Src/stm32f1xx_hal_uart.o
                0x0000000008005d74                HAL_UART_IRQHandler
 .text.HAL_UART_TxCpltCallback
                0x00000000080060cc       0x12 Drivers/STM32F1xx_HAL_Driver/Src/stm32f1xx_hal_uart.o
                0x00000000080060cc                HAL_UART_TxCpltCallback
 .text.HAL_UART_RxHalfCpltCallback
                0x00000000080060de       0x12 Drivers/STM32F1xx_HAL_Driver/Src/stm32f1xx_hal_uart.o
                0x00000000080060de                HAL_UART_RxHalfCpltCallback
 .text.HAL_UART_ErrorCallback
                0x00000000080060f0       0x12 Drivers/STM32F1xx_HAL_Driver/Src/stm32f1xx_hal_uart.o
                0x00000000080060f0                HAL_UART_ErrorCallback
 .text.HAL_UARTEx_RxEventCallback
                0x0000000008006102       0x16 Drivers/STM32F1xx_HAL_Driver/Src/stm32f1xx_hal_uart.o
                0x0000000008006102                HAL_UARTEx_RxEventCallback
 .text.UART_DMAReceiveCplt
                0x0000000008006118       0x96 Drivers/STM32F1xx_HAL_Driver/Src/stm32f1xx_hal_uart.o
 .text.UART_DMARxHalfCplt
                0x00000000080061ae       0x36 Drivers/STM32F1xx_HAL_Driver/Src/stm32f1xx_hal_uart.o
 .text.UART_DMAError
                0x00000000080061e4       0x94 Drivers/STM32F1xx_HAL_Driver/Src/stm32f1xx_hal_uart.o
 .text.UART_Start_Receive_DMA
                0x0000000008006278       0xc8 Drivers/STM32F1xx_HAL_Driver/Src/stm32f1xx_hal_uart.o
                0x0000000008006278                UART_Start_Receive_DMA
 .text.UART_EndTxTransfer
                0x0000000008006340       0x2a Drivers/STM32F1xx_HAL_Driver/Src/stm32f1xx_hal_uart.o
 .text.UART_EndRxTransfer
                0x000000000800636a       0x58 Drivers/STM32F1xx_HAL_Driver/Src/stm32f1xx_hal_uart.o
 .text.UART_DMAAbortOnError
                0x00000000080063c2       0x28 Drivers/STM32F1xx_HAL_Driver/Src/stm32f1xx_hal_uart.o
 .text.UART_Transmit_IT
                0x00000000080063ea       0x9e Drivers/STM32F1xx_HAL_Driver/Src/stm32f1xx_hal_uart.o
 .text.UART_EndTransmit_IT
                0x0000000008006488       0x30 Drivers/STM32F1xx_HAL_Driver/Src/stm32f1xx_hal_uart.o
 .text.UART_Receive_IT
                0x00000000080064b8      0x152 Drivers/STM32F1xx_HAL_Driver/Src/stm32f1xx_hal_uart.o
 *fill*         0x000000000800660a        0x2 
 .text.UART_SetConfig
                0x000000000800660c      0x11c Drivers/STM32F1xx_HAL_Driver/Src/stm32f1xx_hal_uart.o
 .text.__libc_init_array
                0x0000000008006728       0x48 c:/st/stm32cubeide_1.5.1/stm32cubeide/plugins/com.st.stm32cube.ide.mcu.externaltools.gnu-tools-for-stm32.7-2018-q2-update.win32_1.5.0.202011040924/tools/bin/../lib/gcc/arm-none-eabi/7.3.1/../../../../arm-none-eabi/lib/thumb/v7-m\libc_nano.a(lib_a-init.o)
                0x0000000008006728                __libc_init_array
 .text.memset   0x0000000008006770       0x10 c:/st/stm32cubeide_1.5.1/stm32cubeide/plugins/com.st.stm32cube.ide.mcu.externaltools.gnu-tools-for-stm32.7-2018-q2-update.win32_1.5.0.202011040924/tools/bin/../lib/gcc/arm-none-eabi/7.3.1/../../../../arm-none-eabi/lib/thumb/v7-m\libc_nano.a(lib_a-memset.o)
                0x0000000008006770                memset
 .text.round    0x0000000008006780       0x8c c:/st/stm32cubeide_1.5.1/stm32cubeide/plugins/com.st.stm32cube.ide.mcu.externaltools.gnu-tools-for-stm32.7-2018-q2-update.win32_1.5.0.202011040924/tools/bin/../lib/gcc/arm-none-eabi/7.3.1/../../../../arm-none-eabi/lib/thumb/v7-m\libm.a(lib_a-s_round.o)
                0x0000000008006780                round
 *(.glue_7)
 .glue_7        0x000000000800680c        0x0 linker stubs
 *(.glue_7t)
 .glue_7t       0x000000000800680c        0x0 linker stubs
 *(.eh_frame)
 .eh_frame      0x000000000800680c        0x0 c:/st/stm32cubeide_1.5.1/stm32cubeide/plugins/com.st.stm32cube.ide.mcu.externaltools.gnu-tools-for-stm32.7-2018-q2-update.win32_1.5.0.202011040924/tools/bin/../lib/gcc/arm-none-eabi/7.3.1/thumb/v7-m/crtbegin.o
 *(.init)
 .init          0x000000000800680c        0x4 c:/st/stm32cubeide_1.5.1/stm32cubeide/plugins/com.st.stm32cube.ide.mcu.externaltools.gnu-tools-for-stm32.7-2018-q2-update.win32_1.5.0.202011040924/tools/bin/../lib/gcc/arm-none-eabi/7.3.1/thumb/v7-m/crti.o
                0x000000000800680c                _init
 .init          0x0000000008006810        0x8 c:/st/stm32cubeide_1.5.1/stm32cubeide/plugins/com.st.stm32cube.ide.mcu.externaltools.gnu-tools-for-stm32.7-2018-q2-update.win32_1.5.0.202011040924/tools/bin/../lib/gcc/arm-none-eabi/7.3.1/thumb/v7-m/crtn.o
 *(.fini)
 .fini          0x0000000008006818        0x4 c:/st/stm32cubeide_1.5.1/stm32cubeide/plugins/com.st.stm32cube.ide.mcu.externaltools.gnu-tools-for-stm32.7-2018-q2-update.win32_1.5.0.202011040924/tools/bin/../lib/gcc/arm-none-eabi/7.3.1/thumb/v7-m/crti.o
                0x0000000008006818                _fini
 .fini          0x000000000800681c        0x8 c:/st/stm32cubeide_1.5.1/stm32cubeide/plugins/com.st.stm32cube.ide.mcu.externaltools.gnu-tools-for-stm32.7-2018-q2-update.win32_1.5.0.202011040924/tools/bin/../lib/gcc/arm-none-eabi/7.3.1/thumb/v7-m/crtn.o
                0x0000000008006824                . = ALIGN (0x4)
                0x0000000008006824                _etext = .

.vfp11_veneer   0x0000000008006824        0x0
 .vfp11_veneer  0x0000000008006824        0x0 linker stubs

.v4_bx          0x0000000008006824        0x0
 .v4_bx         0x0000000008006824        0x0 linker stubs

.iplt           0x0000000008006824        0x0
 .iplt          0x0000000008006824        0x0 c:/st/stm32cubeide_1.5.1/stm32cubeide/plugins/com.st.stm32cube.ide.mcu.externaltools.gnu-tools-for-stm32.7-2018-q2-update.win32_1.5.0.202011040924/tools/bin/../lib/gcc/arm-none-eabi/7.3.1/thumb/v7-m/crtbegin.o

.rodata         0x0000000008006824       0x78
                0x0000000008006824                . = ALIGN (0x4)
 *(.rodata)
 .rodata        0x0000000008006824       0x12 Drivers/STM32F1xx_HAL_Driver/Src/stm32f1xx_hal_rcc.o
 *fill*         0x0000000008006836        0x2 
 .rodata        0x0000000008006838       0x12 Drivers/STM32F1xx_HAL_Driver/Src/stm32f1xx_hal_rcc_ex.o
 *(.rodata*)
 *fill*         0x000000000800684a        0x2 
 .rodata.STEPPER_CfgParam
                0x000000000800684c       0x38 Core/Src/STEPPER_cfg.o
                0x000000000800684c                STEPPER_CfgParam
 .rodata.AHBPrescTable
                0x0000000008006884       0x10 Core/Src/system_stm32f1xx.o
                0x0000000008006884                AHBPrescTable
 .rodata.APBPrescTable
                0x0000000008006894        0x8 Core/Src/system_stm32f1xx.o
                0x0000000008006894                APBPrescTable
                0x000000000800689c                . = ALIGN (0x4)

.rel.dyn        0x000000000800689c        0x0
 .rel.iplt      0x000000000800689c        0x0 c:/st/stm32cubeide_1.5.1/stm32cubeide/plugins/com.st.stm32cube.ide.mcu.externaltools.gnu-tools-for-stm32.7-2018-q2-update.win32_1.5.0.202011040924/tools/bin/../lib/gcc/arm-none-eabi/7.3.1/thumb/v7-m/crtbegin.o

.ARM.extab      0x000000000800689c        0x0
                0x000000000800689c                . = ALIGN (0x4)
 *(.ARM.extab* .gnu.linkonce.armextab.*)
                0x000000000800689c                . = ALIGN (0x4)

.ARM            0x000000000800689c        0x0
                0x000000000800689c                . = ALIGN (0x4)
                0x000000000800689c                __exidx_start = .
 *(.ARM.exidx*)
                0x000000000800689c                __exidx_end = .
                0x000000000800689c                . = ALIGN (0x4)

.preinit_array  0x000000000800689c        0x0
                0x000000000800689c                . = ALIGN (0x4)
                0x000000000800689c                PROVIDE (__preinit_array_start = .)
 *(.preinit_array*)
                0x000000000800689c                PROVIDE (__preinit_array_end = .)
                0x000000000800689c                . = ALIGN (0x4)

.init_array     0x000000000800689c        0x4
                0x000000000800689c                . = ALIGN (0x4)
                0x000000000800689c                PROVIDE (__init_array_start = .)
 *(SORT_BY_NAME(.init_array.*))
 *(.init_array*)
 .init_array    0x000000000800689c        0x4 c:/st/stm32cubeide_1.5.1/stm32cubeide/plugins/com.st.stm32cube.ide.mcu.externaltools.gnu-tools-for-stm32.7-2018-q2-update.win32_1.5.0.202011040924/tools/bin/../lib/gcc/arm-none-eabi/7.3.1/thumb/v7-m/crtbegin.o
                0x00000000080068a0                PROVIDE (__init_array_end = .)
                0x00000000080068a0                . = ALIGN (0x4)

.fini_array     0x00000000080068a0        0x4
                0x00000000080068a0                . = ALIGN (0x4)
                [!provide]                        PROVIDE (__fini_array_start = .)
 *(SORT_BY_NAME(.fini_array.*))
 *(.fini_array*)
 .fini_array    0x00000000080068a0        0x4 c:/st/stm32cubeide_1.5.1/stm32cubeide/plugins/com.st.stm32cube.ide.mcu.externaltools.gnu-tools-for-stm32.7-2018-q2-update.win32_1.5.0.202011040924/tools/bin/../lib/gcc/arm-none-eabi/7.3.1/thumb/v7-m/crtbegin.o
                [!provide]                        PROVIDE (__fini_array_end = .)
                0x00000000080068a4                . = ALIGN (0x4)
                0x00000000080068a4                _sidata = LOADADDR (.data)

.data           0x0000000020000000       0x4c load address 0x00000000080068a4
                0x0000000020000000                . = ALIGN (0x4)
                0x0000000020000000                _sdata = .
 *(.data)
 *(.data*)
 .data.UNIPOLAR_WD_PATTERN
                0x0000000020000000       0x10 Core/Src/STEPPER.o
 .data.UNIPOLAR_FS_PATTERN
                0x0000000020000010       0x10 Core/Src/STEPPER.o
 .data.UNIPOLAR_HS_PATTERN
                0x0000000020000020       0x20 Core/Src/STEPPER.o
 .data.SystemCoreClock
                0x0000000020000040        0x4 Core/Src/system_stm32f1xx.o
                0x0000000020000040                SystemCoreClock
 .data.uwTickPrio
                0x0000000020000044        0x4 Drivers/STM32F1xx_HAL_Driver/Src/stm32f1xx_hal.o
                0x0000000020000044                uwTickPrio
 .data.uwTickFreq
                0x0000000020000048        0x1 Drivers/STM32F1xx_HAL_Driver/Src/stm32f1xx_hal.o
                0x0000000020000048                uwTickFreq
 *(.RamFunc)
 *(.RamFunc*)
                0x000000002000004c                . = ALIGN (0x4)
 *fill*         0x0000000020000049        0x3 
                0x000000002000004c                _edata = .

.igot.plt       0x000000002000004c        0x0 load address 0x00000000080068f0
 .igot.plt      0x000000002000004c        0x0 c:/st/stm32cubeide_1.5.1/stm32cubeide/plugins/com.st.stm32cube.ide.mcu.externaltools.gnu-tools-for-stm32.7-2018-q2-update.win32_1.5.0.202011040924/tools/bin/../lib/gcc/arm-none-eabi/7.3.1/thumb/v7-m/crtbegin.o
                0x000000002000004c                . = ALIGN (0x4)

.bss            0x0000000020000050      0x220 load address 0x00000000080068f0
                0x0000000020000050                _sbss = .
                0x0000000020000050                __bss_start__ = _sbss
 *(.bss)
 .bss           0x0000000020000050       0x1c c:/st/stm32cubeide_1.5.1/stm32cubeide/plugins/com.st.stm32cube.ide.mcu.externaltools.gnu-tools-for-stm32.7-2018-q2-update.win32_1.5.0.202011040924/tools/bin/../lib/gcc/arm-none-eabi/7.3.1/thumb/v7-m/crtbegin.o
 *(.bss*)
 .bss.gs_STEPPER_info
                0x000000002000006c       0x28 Core/Src/STEPPER.o
 .bss.DataVar   0x0000000020000094        0x2 Core/Src/eeprom.o
                0x0000000020000094                DataVar
 .bss.n         0x0000000020000096        0x2 Core/Src/main.o
                0x0000000020000096                n
 .bss.flag      0x0000000020000098        0x4 Core/Src/main.o
                0x0000000020000098                flag
 .bss.flag_1    0x000000002000009c        0x4 Core/Src/main.o
                0x000000002000009c                flag_1
 .bss.chenge_Data
                0x00000000200000a0        0x1 Core/Src/main.o
                0x00000000200000a0                chenge_Data
 *fill*         0x00000000200000a1        0x3 
 .bss.i         0x00000000200000a4        0x4 Core/Src/main.o
                0x00000000200000a4                i
 .bss.setting   0x00000000200000a8        0x1 Core/Src/main.o
                0x00000000200000a8                setting
 *fill*         0x00000000200000a9        0x3 
 .bss.buffer    0x00000000200000ac       0x1e Core/Src/main.o
                0x00000000200000ac                buffer
 *fill*         0x00000000200000ca        0x2 
 .bss.numberofarray
                0x00000000200000cc        0x4 Core/Src/main.o
                0x00000000200000cc                numberofarray
 *(COMMON)
 COMMON         0x00000000200000d0        0x6 Core/Src/eeprom.o
                0x00000000200000d0                VirtAddVarTab
 *fill*         0x00000000200000d6        0x2 
 COMMON         0x00000000200000d8      0x174 Core/Src/main.o
                0x00000000200000d8                AD_RES
                0x00000000200000e0                degree_1
                0x00000000200000e4                step_1
                0x00000000200000e8                MSB_2
                0x00000000200000ec                step_2
                0x00000000200000f0                Direction_2
                0x00000000200000f4                hadc1
                0x0000000020000124                hdma_usart1_rx
                0x0000000020000168                huart1
                0x00000000200001ac                MSB_1
                0x00000000200001b0                hdma_adc1
                0x00000000200001f4                Direction_1
                0x00000000200001f8                round_step_2
                0x00000000200001fc                htim1
                0x0000000020000244                degree_2
                0x0000000020000248                round_step_1
 COMMON         0x000000002000024c        0x4 Drivers/STM32F1xx_HAL_Driver/Src/stm32f1xx_hal.o
                0x000000002000024c                uwTick
 COMMON         0x0000000020000250       0x20 Drivers/STM32F1xx_HAL_Driver/Src/stm32f1xx_hal_flash.o
                0x0000000020000250                pFlash
                0x0000000020000270                . = ALIGN (0x4)
                0x0000000020000270                _ebss = .
                0x0000000020000270                __bss_end__ = _ebss

._user_heap_stack
                0x0000000020000270      0x600 load address 0x00000000080068f0
                0x0000000020000270                . = ALIGN (0x8)
                [!provide]                        PROVIDE (end = .)
                0x0000000020000270                PROVIDE (_end = .)
                0x0000000020000470                . = (. + _Min_Heap_Size)
 *fill*         0x0000000020000270      0x200 
                0x0000000020000870                . = (. + _Min_Stack_Size)
 *fill*         0x0000000020000470      0x400 
                0x0000000020000870                . = ALIGN (0x8)

/DISCARD/
 libc.a(*)
 libm.a(*)
 libgcc.a(*)

.ARM.attributes
                0x0000000000000000       0x29
 *(.ARM.attributes)
 .ARM.attributes
                0x0000000000000000       0x1d c:/st/stm32cubeide_1.5.1/stm32cubeide/plugins/com.st.stm32cube.ide.mcu.externaltools.gnu-tools-for-stm32.7-2018-q2-update.win32_1.5.0.202011040924/tools/bin/../lib/gcc/arm-none-eabi/7.3.1/thumb/v7-m/crti.o
 .ARM.attributes
                0x000000000000001d       0x2d c:/st/stm32cubeide_1.5.1/stm32cubeide/plugins/com.st.stm32cube.ide.mcu.externaltools.gnu-tools-for-stm32.7-2018-q2-update.win32_1.5.0.202011040924/tools/bin/../lib/gcc/arm-none-eabi/7.3.1/thumb/v7-m/crtbegin.o
 .ARM.attributes
                0x000000000000004a       0x33 Core/Src/DWT_Delay.o
 .ARM.attributes
                0x000000000000007d       0x33 Core/Src/STEPPER.o
 .ARM.attributes
                0x00000000000000b0       0x33 Core/Src/STEPPER_cfg.o
 .ARM.attributes
                0x00000000000000e3       0x33 Core/Src/clock_functions.o
 .ARM.attributes
                0x0000000000000116       0x33 Core/Src/eeprom.o
 .ARM.attributes
                0x0000000000000149       0x33 Core/Src/main.o
 .ARM.attributes
                0x000000000000017c       0x33 Core/Src/stm32f1xx_hal_msp.o
 .ARM.attributes
                0x00000000000001af       0x33 Core/Src/stm32f1xx_it.o
 .ARM.attributes
                0x00000000000001e2       0x33 Core/Src/system_stm32f1xx.o
 .ARM.attributes
                0x0000000000000215       0x21 Core/Startup/startup_stm32f103zetx.o
 .ARM.attributes
                0x0000000000000236       0x33 Drivers/STM32F1xx_HAL_Driver/Src/stm32f1xx_hal.o
 .ARM.attributes
                0x0000000000000269       0x33 Drivers/STM32F1xx_HAL_Driver/Src/stm32f1xx_hal_adc.o
 .ARM.attributes
                0x000000000000029c       0x33 Drivers/STM32F1xx_HAL_Driver/Src/stm32f1xx_hal_adc_ex.o
 .ARM.attributes
                0x00000000000002cf       0x33 Drivers/STM32F1xx_HAL_Driver/Src/stm32f1xx_hal_cortex.o
 .ARM.attributes
                0x0000000000000302       0x33 Drivers/STM32F1xx_HAL_Driver/Src/stm32f1xx_hal_dma.o
 .ARM.attributes
                0x0000000000000335       0x33 Drivers/STM32F1xx_HAL_Driver/Src/stm32f1xx_hal_flash.o
 .ARM.attributes
                0x0000000000000368       0x33 Drivers/STM32F1xx_HAL_Driver/Src/stm32f1xx_hal_flash_ex.o
 .ARM.attributes
                0x000000000000039b       0x33 Drivers/STM32F1xx_HAL_Driver/Src/stm32f1xx_hal_gpio.o
 .ARM.attributes
                0x00000000000003ce       0x33 Drivers/STM32F1xx_HAL_Driver/Src/stm32f1xx_hal_rcc.o
 .ARM.attributes
                0x0000000000000401       0x33 Drivers/STM32F1xx_HAL_Driver/Src/stm32f1xx_hal_rcc_ex.o
 .ARM.attributes
                0x0000000000000434       0x33 Drivers/STM32F1xx_HAL_Driver/Src/stm32f1xx_hal_tim.o
 .ARM.attributes
                0x0000000000000467       0x33 Drivers/STM32F1xx_HAL_Driver/Src/stm32f1xx_hal_tim_ex.o
 .ARM.attributes
                0x000000000000049a       0x33 Drivers/STM32F1xx_HAL_Driver/Src/stm32f1xx_hal_uart.o
 .ARM.attributes
                0x00000000000004cd       0x2d c:/st/stm32cubeide_1.5.1/stm32cubeide/plugins/com.st.stm32cube.ide.mcu.externaltools.gnu-tools-for-stm32.7-2018-q2-update.win32_1.5.0.202011040924/tools/bin/../lib/gcc/arm-none-eabi/7.3.1/../../../../arm-none-eabi/lib/thumb/v7-m\libc_nano.a(lib_a-init.o)
 .ARM.attributes
                0x00000000000004fa       0x2d c:/st/stm32cubeide_1.5.1/stm32cubeide/plugins/com.st.stm32cube.ide.mcu.externaltools.gnu-tools-for-stm32.7-2018-q2-update.win32_1.5.0.202011040924/tools/bin/../lib/gcc/arm-none-eabi/7.3.1/../../../../arm-none-eabi/lib/thumb/v7-m\libc_nano.a(lib_a-memset.o)
 .ARM.attributes
                0x0000000000000527       0x2d c:/st/stm32cubeide_1.5.1/stm32cubeide/plugins/com.st.stm32cube.ide.mcu.externaltools.gnu-tools-for-stm32.7-2018-q2-update.win32_1.5.0.202011040924/tools/bin/../lib/gcc/arm-none-eabi/7.3.1/../../../../arm-none-eabi/lib/thumb/v7-m\libm.a(lib_a-s_round.o)
 .ARM.attributes
                0x0000000000000554       0x1d c:/st/stm32cubeide_1.5.1/stm32cubeide/plugins/com.st.stm32cube.ide.mcu.externaltools.gnu-tools-for-stm32.7-2018-q2-update.win32_1.5.0.202011040924/tools/bin/../lib/gcc/arm-none-eabi/7.3.1/thumb/v7-m\libgcc.a(_arm_addsubdf3.o)
 .ARM.attributes
                0x0000000000000571       0x1d c:/st/stm32cubeide_1.5.1/stm32cubeide/plugins/com.st.stm32cube.ide.mcu.externaltools.gnu-tools-for-stm32.7-2018-q2-update.win32_1.5.0.202011040924/tools/bin/../lib/gcc/arm-none-eabi/7.3.1/thumb/v7-m\libgcc.a(_arm_muldivdf3.o)
 .ARM.attributes
                0x000000000000058e       0x1d c:/st/stm32cubeide_1.5.1/stm32cubeide/plugins/com.st.stm32cube.ide.mcu.externaltools.gnu-tools-for-stm32.7-2018-q2-update.win32_1.5.0.202011040924/tools/bin/../lib/gcc/arm-none-eabi/7.3.1/thumb/v7-m\libgcc.a(_arm_fixunsdfsi.o)
 .ARM.attributes
                0x00000000000005ab       0x1d c:/st/stm32cubeide_1.5.1/stm32cubeide/plugins/com.st.stm32cube.ide.mcu.externaltools.gnu-tools-for-stm32.7-2018-q2-update.win32_1.5.0.202011040924/tools/bin/../lib/gcc/arm-none-eabi/7.3.1/thumb/v7-m\libgcc.a(_arm_truncdfsf2.o)
 .ARM.attributes
                0x00000000000005c8       0x1d c:/st/stm32cubeide_1.5.1/stm32cubeide/plugins/com.st.stm32cube.ide.mcu.externaltools.gnu-tools-for-stm32.7-2018-q2-update.win32_1.5.0.202011040924/tools/bin/../lib/gcc/arm-none-eabi/7.3.1/thumb/v7-m/crtn.o
OUTPUT(test3.elf elf32-littlearm)

.debug_info     0x0000000000000000     0xf96e
 .debug_info    0x0000000000000000      0x326 Core/Src/DWT_Delay.o
 .debug_info    0x0000000000000326      0xe0e Core/Src/STEPPER.o
 .debug_info    0x0000000000001134      0x291 Core/Src/STEPPER_cfg.o
 .debug_info    0x00000000000013c5      0x260 Core/Src/clock_functions.o
 .debug_info    0x0000000000001625      0x5b5 Core/Src/eeprom.o
 .debug_info    0x0000000000001bda     0x1bed Core/Src/main.o
 .debug_info    0x00000000000037c7     0x1035 Core/Src/stm32f1xx_hal_msp.o
 .debug_info    0x00000000000047fc      0xc07 Core/Src/stm32f1xx_it.o
 .debug_info    0x0000000000005403      0x29a Core/Src/system_stm32f1xx.o
 .debug_info    0x000000000000569d       0x22 Core/Startup/startup_stm32f103zetx.o
 .debug_info    0x00000000000056bf      0x77a Drivers/STM32F1xx_HAL_Driver/Src/stm32f1xx_hal.o
 .debug_info    0x0000000000005e39      0xc6c Drivers/STM32F1xx_HAL_Driver/Src/stm32f1xx_hal_adc.o
 .debug_info    0x0000000000006aa5      0xa06 Drivers/STM32F1xx_HAL_Driver/Src/stm32f1xx_hal_adc_ex.o
 .debug_info    0x00000000000074ab      0xbb7 Drivers/STM32F1xx_HAL_Driver/Src/stm32f1xx_hal_cortex.o
 .debug_info    0x0000000000008062      0x7b1 Drivers/STM32F1xx_HAL_Driver/Src/stm32f1xx_hal_dma.o
 .debug_info    0x0000000000008813      0x5a4 Drivers/STM32F1xx_HAL_Driver/Src/stm32f1xx_hal_flash.o
 .debug_info    0x0000000000008db7      0x827 Drivers/STM32F1xx_HAL_Driver/Src/stm32f1xx_hal_flash_ex.o
 .debug_info    0x00000000000095de      0x69b Drivers/STM32F1xx_HAL_Driver/Src/stm32f1xx_hal_gpio.o
 .debug_info    0x0000000000009c79      0x80f Drivers/STM32F1xx_HAL_Driver/Src/stm32f1xx_hal_rcc.o
 .debug_info    0x000000000000a488      0x45e Drivers/STM32F1xx_HAL_Driver/Src/stm32f1xx_hal_rcc_ex.o
 .debug_info    0x000000000000a8e6     0x27f1 Drivers/STM32F1xx_HAL_Driver/Src/stm32f1xx_hal_tim.o
 .debug_info    0x000000000000d0d7     0x13ab Drivers/STM32F1xx_HAL_Driver/Src/stm32f1xx_hal_tim_ex.o
 .debug_info    0x000000000000e482     0x14ec Drivers/STM32F1xx_HAL_Driver/Src/stm32f1xx_hal_uart.o

.debug_abbrev   0x0000000000000000     0x28a0
 .debug_abbrev  0x0000000000000000       0xd9 Core/Src/DWT_Delay.o
 .debug_abbrev  0x00000000000000d9      0x223 Core/Src/STEPPER.o
 .debug_abbrev  0x00000000000002fc      0x100 Core/Src/STEPPER_cfg.o
 .debug_abbrev  0x00000000000003fc       0xe8 Core/Src/clock_functions.o
 .debug_abbrev  0x00000000000004e4      0x172 Core/Src/eeprom.o
 .debug_abbrev  0x0000000000000656      0x2ea Core/Src/main.o
 .debug_abbrev  0x0000000000000940      0x1cf Core/Src/stm32f1xx_hal_msp.o
 .debug_abbrev  0x0000000000000b0f      0x181 Core/Src/stm32f1xx_it.o
 .debug_abbrev  0x0000000000000c90      0x134 Core/Src/system_stm32f1xx.o
 .debug_abbrev  0x0000000000000dc4       0x12 Core/Startup/startup_stm32f103zetx.o
 .debug_abbrev  0x0000000000000dd6      0x1c7 Drivers/STM32F1xx_HAL_Driver/Src/stm32f1xx_hal.o
 .debug_abbrev  0x0000000000000f9d      0x1d5 Drivers/STM32F1xx_HAL_Driver/Src/stm32f1xx_hal_adc.o
 .debug_abbrev  0x0000000000001172      0x1f5 Drivers/STM32F1xx_HAL_Driver/Src/stm32f1xx_hal_adc_ex.o
 .debug_abbrev  0x0000000000001367      0x2d5 Drivers/STM32F1xx_HAL_Driver/Src/stm32f1xx_hal_cortex.o
 .debug_abbrev  0x000000000000163c      0x1fe Drivers/STM32F1xx_HAL_Driver/Src/stm32f1xx_hal_dma.o
 .debug_abbrev  0x000000000000183a      0x210 Drivers/STM32F1xx_HAL_Driver/Src/stm32f1xx_hal_flash.o
 .debug_abbrev  0x0000000000001a4a      0x21b Drivers/STM32F1xx_HAL_Driver/Src/stm32f1xx_hal_flash_ex.o
 .debug_abbrev  0x0000000000001c65      0x1c0 Drivers/STM32F1xx_HAL_Driver/Src/stm32f1xx_hal_gpio.o
 .debug_abbrev  0x0000000000001e25      0x243 Drivers/STM32F1xx_HAL_Driver/Src/stm32f1xx_hal_rcc.o
 .debug_abbrev  0x0000000000002068      0x175 Drivers/STM32F1xx_HAL_Driver/Src/stm32f1xx_hal_rcc_ex.o
 .debug_abbrev  0x00000000000021dd      0x230 Drivers/STM32F1xx_HAL_Driver/Src/stm32f1xx_hal_tim.o
 .debug_abbrev  0x000000000000240d      0x236 Drivers/STM32F1xx_HAL_Driver/Src/stm32f1xx_hal_tim_ex.o
 .debug_abbrev  0x0000000000002643      0x25d Drivers/STM32F1xx_HAL_Driver/Src/stm32f1xx_hal_uart.o

.debug_aranges  0x0000000000000000     0x1008
 .debug_aranges
                0x0000000000000000       0x20 Core/Src/DWT_Delay.o
 .debug_aranges
                0x0000000000000020       0x68 Core/Src/STEPPER.o
 .debug_aranges
                0x0000000000000088       0x18 Core/Src/STEPPER_cfg.o
 .debug_aranges
                0x00000000000000a0       0x30 Core/Src/clock_functions.o
 .debug_aranges
                0x00000000000000d0       0x58 Core/Src/eeprom.o
 .debug_aranges
                0x0000000000000128       0x60 Core/Src/main.o
 .debug_aranges
                0x0000000000000188       0x50 Core/Src/stm32f1xx_hal_msp.o
 .debug_aranges
                0x00000000000001d8       0xa0 Core/Src/stm32f1xx_it.o
 .debug_aranges
                0x0000000000000278       0x28 Core/Src/system_stm32f1xx.o
 .debug_aranges
                0x00000000000002a0       0x28 Core/Startup/startup_stm32f103zetx.o
 .debug_aranges
                0x00000000000002c8       0xe0 Drivers/STM32F1xx_HAL_Driver/Src/stm32f1xx_hal.o
 .debug_aranges
                0x00000000000003a8       0xf0 Drivers/STM32F1xx_HAL_Driver/Src/stm32f1xx_hal_adc.o
 .debug_aranges
                0x0000000000000498       0x80 Drivers/STM32F1xx_HAL_Driver/Src/stm32f1xx_hal_adc_ex.o
 .debug_aranges
                0x0000000000000518      0x100 Drivers/STM32F1xx_HAL_Driver/Src/stm32f1xx_hal_cortex.o
 .debug_aranges
                0x0000000000000618       0x80 Drivers/STM32F1xx_HAL_Driver/Src/stm32f1xx_hal_dma.o
 .debug_aranges
                0x0000000000000698       0x88 Drivers/STM32F1xx_HAL_Driver/Src/stm32f1xx_hal_flash.o
 .debug_aranges
                0x0000000000000720       0x98 Drivers/STM32F1xx_HAL_Driver/Src/stm32f1xx_hal_flash_ex.o
 .debug_aranges
                0x00000000000007b8       0x58 Drivers/STM32F1xx_HAL_Driver/Src/stm32f1xx_hal_gpio.o
 .debug_aranges
                0x0000000000000810       0x90 Drivers/STM32F1xx_HAL_Driver/Src/stm32f1xx_hal_rcc.o
 .debug_aranges
                0x00000000000008a0       0x30 Drivers/STM32F1xx_HAL_Driver/Src/stm32f1xx_hal_rcc_ex.o
 .debug_aranges
                0x00000000000008d0      0x3d0 Drivers/STM32F1xx_HAL_Driver/Src/stm32f1xx_hal_tim.o
 .debug_aranges
                0x0000000000000ca0      0x168 Drivers/STM32F1xx_HAL_Driver/Src/stm32f1xx_hal_tim_ex.o
 .debug_aranges
                0x0000000000000e08      0x200 Drivers/STM32F1xx_HAL_Driver/Src/stm32f1xx_hal_uart.o

.debug_ranges   0x0000000000000000      0xec8
 .debug_ranges  0x0000000000000000       0x10 Core/Src/DWT_Delay.o
 .debug_ranges  0x0000000000000010       0x58 Core/Src/STEPPER.o
 .debug_ranges  0x0000000000000068       0x20 Core/Src/clock_functions.o
 .debug_ranges  0x0000000000000088       0x48 Core/Src/eeprom.o
 .debug_ranges  0x00000000000000d0       0x50 Core/Src/main.o
 .debug_ranges  0x0000000000000120       0x40 Core/Src/stm32f1xx_hal_msp.o
 .debug_ranges  0x0000000000000160       0x90 Core/Src/stm32f1xx_it.o
 .debug_ranges  0x00000000000001f0       0x18 Core/Src/system_stm32f1xx.o
 .debug_ranges  0x0000000000000208       0x20 Core/Startup/startup_stm32f103zetx.o
 .debug_ranges  0x0000000000000228       0xd0 Drivers/STM32F1xx_HAL_Driver/Src/stm32f1xx_hal.o
 .debug_ranges  0x00000000000002f8       0xe0 Drivers/STM32F1xx_HAL_Driver/Src/stm32f1xx_hal_adc.o
 .debug_ranges  0x00000000000003d8       0x70 Drivers/STM32F1xx_HAL_Driver/Src/stm32f1xx_hal_adc_ex.o
 .debug_ranges  0x0000000000000448       0xf0 Drivers/STM32F1xx_HAL_Driver/Src/stm32f1xx_hal_cortex.o
 .debug_ranges  0x0000000000000538       0x70 Drivers/STM32F1xx_HAL_Driver/Src/stm32f1xx_hal_dma.o
 .debug_ranges  0x00000000000005a8       0x78 Drivers/STM32F1xx_HAL_Driver/Src/stm32f1xx_hal_flash.o
 .debug_ranges  0x0000000000000620       0x88 Drivers/STM32F1xx_HAL_Driver/Src/stm32f1xx_hal_flash_ex.o
 .debug_ranges  0x00000000000006a8       0x48 Drivers/STM32F1xx_HAL_Driver/Src/stm32f1xx_hal_gpio.o
 .debug_ranges  0x00000000000006f0       0x80 Drivers/STM32F1xx_HAL_Driver/Src/stm32f1xx_hal_rcc.o
 .debug_ranges  0x0000000000000770       0x20 Drivers/STM32F1xx_HAL_Driver/Src/stm32f1xx_hal_rcc_ex.o
 .debug_ranges  0x0000000000000790      0x3c0 Drivers/STM32F1xx_HAL_Driver/Src/stm32f1xx_hal_tim.o
 .debug_ranges  0x0000000000000b50      0x158 Drivers/STM32F1xx_HAL_Driver/Src/stm32f1xx_hal_tim_ex.o
 .debug_ranges  0x0000000000000ca8      0x220 Drivers/STM32F1xx_HAL_Driver/Src/stm32f1xx_hal_uart.o

.debug_macro    0x0000000000000000    0x1b628
 .debug_macro   0x0000000000000000      0x1c1 Core/Src/DWT_Delay.o
 .debug_macro   0x00000000000001c1      0xa5a Core/Src/DWT_Delay.o
 .debug_macro   0x0000000000000c1b       0x2e Core/Src/DWT_Delay.o
 .debug_macro   0x0000000000000c49       0x22 Core/Src/DWT_Delay.o
 .debug_macro   0x0000000000000c6b       0x22 Core/Src/DWT_Delay.o
 .debug_macro   0x0000000000000c8d       0x8e Core/Src/DWT_Delay.o
 .debug_macro   0x0000000000000d1b       0x51 Core/Src/DWT_Delay.o
 .debug_macro   0x0000000000000d6c       0xef Core/Src/DWT_Delay.o
 .debug_macro   0x0000000000000e5b       0x6a Core/Src/DWT_Delay.o
 .debug_macro   0x0000000000000ec5      0x1df Core/Src/DWT_Delay.o
 .debug_macro   0x00000000000010a4       0x1c Core/Src/DWT_Delay.o
 .debug_macro   0x00000000000010c0       0x22 Core/Src/DWT_Delay.o
 .debug_macro   0x00000000000010e2       0xc3 Core/Src/DWT_Delay.o
 .debug_macro   0x00000000000011a5      0xd23 Core/Src/DWT_Delay.o
 .debug_macro   0x0000000000001ec8     0xfd8c Core/Src/DWT_Delay.o
 .debug_macro   0x0000000000011c54       0x6d Core/Src/DWT_Delay.o
 .debug_macro   0x0000000000011cc1      0x227 Core/Src/DWT_Delay.o
 .debug_macro   0x0000000000011ee8     0x3468 Core/Src/DWT_Delay.o
 .debug_macro   0x0000000000015350      0x174 Core/Src/DWT_Delay.o
 .debug_macro   0x00000000000154c4       0x5c Core/Src/DWT_Delay.o
 .debug_macro   0x0000000000015520      0x5be Core/Src/DWT_Delay.o
 .debug_macro   0x0000000000015ade      0x4d5 Core/Src/DWT_Delay.o
 .debug_macro   0x0000000000015fb3      0x1cb Core/Src/DWT_Delay.o
 .debug_macro   0x000000000001617e      0x114 Core/Src/DWT_Delay.o
 .debug_macro   0x0000000000016292      0x1ea Core/Src/DWT_Delay.o
 .debug_macro   0x000000000001647c       0x27 Core/Src/DWT_Delay.o
 .debug_macro   0x00000000000164a3      0x144 Core/Src/DWT_Delay.o
 .debug_macro   0x00000000000165e7      0x1bc Core/Src/DWT_Delay.o
 .debug_macro   0x00000000000167a3       0x30 Core/Src/DWT_Delay.o
 .debug_macro   0x00000000000167d3       0x3c Core/Src/DWT_Delay.o
 .debug_macro   0x000000000001680f       0x57 Core/Src/DWT_Delay.o
 .debug_macro   0x0000000000016866      0x46a Core/Src/DWT_Delay.o
 .debug_macro   0x0000000000016cd0      0x25d Core/Src/DWT_Delay.o
 .debug_macro   0x0000000000016f2d       0x88 Core/Src/DWT_Delay.o
 .debug_macro   0x0000000000016fb5      0x24f Core/Src/DWT_Delay.o
 .debug_macro   0x0000000000017204      0x141 Core/Src/DWT_Delay.o
 .debug_macro   0x0000000000017345      0x8d1 Core/Src/DWT_Delay.o
 .debug_macro   0x0000000000017c16      0x279 Core/Src/DWT_Delay.o
 .debug_macro   0x0000000000017e8f       0xb5 Core/Src/DWT_Delay.o
 .debug_macro   0x0000000000017f44      0x1d8 Core/Src/STEPPER.o
 .debug_macro   0x000000000001811c       0x52 Core/Src/STEPPER.o
 .debug_macro   0x000000000001816e      0x1c6 Core/Src/STEPPER_cfg.o
 .debug_macro   0x0000000000018334       0x4c Core/Src/STEPPER_cfg.o
 .debug_macro   0x0000000000018380      0x1f3 Core/Src/clock_functions.o
 .debug_macro   0x0000000000018573       0x52 Core/Src/clock_functions.o
 .debug_macro   0x00000000000185c5      0x3a6 Core/Src/clock_functions.o
 .debug_macro   0x000000000001896b      0x1c6 Core/Src/eeprom.o
 .debug_macro   0x0000000000018b31      0x3a0 Core/Src/eeprom.o
 .debug_macro   0x0000000000018ed1      0x295 Core/Src/main.o
 .debug_macro   0x0000000000019166       0x46 Core/Src/main.o
 .debug_macro   0x00000000000191ac       0x18 Core/Src/main.o
 .debug_macro   0x00000000000191c4       0x3c Core/Src/main.o
 .debug_macro   0x0000000000019200       0x34 Core/Src/main.o
 .debug_macro   0x0000000000019234       0x52 Core/Src/main.o
 .debug_macro   0x0000000000019286       0x1f Core/Src/main.o
 .debug_macro   0x00000000000192a5       0x43 Core/Src/main.o
 .debug_macro   0x00000000000192e8       0x20 Core/Src/main.o
 .debug_macro   0x0000000000019308      0x1a3 Core/Src/main.o
 .debug_macro   0x00000000000194ab      0x32a Core/Src/main.o
 .debug_macro   0x00000000000197d5      0x1e1 Core/Src/main.o
 .debug_macro   0x00000000000199b6      0x1c1 Core/Src/stm32f1xx_hal_msp.o
 .debug_macro   0x0000000000019b77      0x1cb Core/Src/stm32f1xx_it.o
 .debug_macro   0x0000000000019d42      0x1b7 Core/Src/system_stm32f1xx.o
 .debug_macro   0x0000000000019ef9      0x1db Drivers/STM32F1xx_HAL_Driver/Src/stm32f1xx_hal.o
 .debug_macro   0x000000000001a0d4      0x1d4 Drivers/STM32F1xx_HAL_Driver/Src/stm32f1xx_hal_adc.o
 .debug_macro   0x000000000001a2a8      0x1c9 Drivers/STM32F1xx_HAL_Driver/Src/stm32f1xx_hal_adc_ex.o
 .debug_macro   0x000000000001a471      0x1b7 Drivers/STM32F1xx_HAL_Driver/Src/stm32f1xx_hal_cortex.o
 .debug_macro   0x000000000001a628      0x1b7 Drivers/STM32F1xx_HAL_Driver/Src/stm32f1xx_hal_dma.o
 .debug_macro   0x000000000001a7df      0x1b7 Drivers/STM32F1xx_HAL_Driver/Src/stm32f1xx_hal_flash.o
 .debug_macro   0x000000000001a996      0x1c9 Drivers/STM32F1xx_HAL_Driver/Src/stm32f1xx_hal_flash_ex.o
 .debug_macro   0x000000000001ab5f      0x222 Drivers/STM32F1xx_HAL_Driver/Src/stm32f1xx_hal_gpio.o
 .debug_macro   0x000000000001ad81      0x1c9 Drivers/STM32F1xx_HAL_Driver/Src/stm32f1xx_hal_rcc.o
 .debug_macro   0x000000000001af4a      0x1b7 Drivers/STM32F1xx_HAL_Driver/Src/stm32f1xx_hal_rcc_ex.o
 .debug_macro   0x000000000001b101      0x1b8 Drivers/STM32F1xx_HAL_Driver/Src/stm32f1xx_hal_tim.o
 .debug_macro   0x000000000001b2b9      0x1b7 Drivers/STM32F1xx_HAL_Driver/Src/stm32f1xx_hal_tim_ex.o
 .debug_macro   0x000000000001b470      0x1b8 Drivers/STM32F1xx_HAL_Driver/Src/stm32f1xx_hal_uart.o

.debug_line     0x0000000000000000     0xec2e
 .debug_line    0x0000000000000000      0x6ad Core/Src/DWT_Delay.o
 .debug_line    0x00000000000006ad      0x892 Core/Src/STEPPER.o
 .debug_line    0x0000000000000f3f      0x692 Core/Src/STEPPER_cfg.o
 .debug_line    0x00000000000015d1      0x72b Core/Src/clock_functions.o
 .debug_line    0x0000000000001cfc      0x846 Core/Src/eeprom.o
 .debug_line    0x0000000000002542      0x939 Core/Src/main.o
 .debug_line    0x0000000000002e7b      0x756 Core/Src/stm32f1xx_hal_msp.o
 .debug_line    0x00000000000035d1      0x7e0 Core/Src/stm32f1xx_it.o
 .debug_line    0x0000000000003db1      0x6d0 Core/Src/system_stm32f1xx.o
 .debug_line    0x0000000000004481       0x87 Core/Startup/startup_stm32f103zetx.o
 .debug_line    0x0000000000004508      0x883 Drivers/STM32F1xx_HAL_Driver/Src/stm32f1xx_hal.o
 .debug_line    0x0000000000004d8b      0xbee Drivers/STM32F1xx_HAL_Driver/Src/stm32f1xx_hal_adc.o
 .debug_line    0x0000000000005979      0xa3a Drivers/STM32F1xx_HAL_Driver/Src/stm32f1xx_hal_adc_ex.o
 .debug_line    0x00000000000063b3      0x95a Drivers/STM32F1xx_HAL_Driver/Src/stm32f1xx_hal_cortex.o
 .debug_line    0x0000000000006d0d      0xf6a Drivers/STM32F1xx_HAL_Driver/Src/stm32f1xx_hal_dma.o
 .debug_line    0x0000000000007c77      0x89e Drivers/STM32F1xx_HAL_Driver/Src/stm32f1xx_hal_flash.o
 .debug_line    0x0000000000008515      0x8ef Drivers/STM32F1xx_HAL_Driver/Src/stm32f1xx_hal_flash_ex.o
 .debug_line    0x0000000000008e04      0x8a7 Drivers/STM32F1xx_HAL_Driver/Src/stm32f1xx_hal_gpio.o
 .debug_line    0x00000000000096ab      0x943 Drivers/STM32F1xx_HAL_Driver/Src/stm32f1xx_hal_rcc.o
 .debug_line    0x0000000000009fee      0x767 Drivers/STM32F1xx_HAL_Driver/Src/stm32f1xx_hal_rcc_ex.o
 .debug_line    0x000000000000a755     0x220a Drivers/STM32F1xx_HAL_Driver/Src/stm32f1xx_hal_tim.o
 .debug_line    0x000000000000c95f     0x11dc Drivers/STM32F1xx_HAL_Driver/Src/stm32f1xx_hal_tim_ex.o
 .debug_line    0x000000000000db3b     0x10f3 Drivers/STM32F1xx_HAL_Driver/Src/stm32f1xx_hal_uart.o

.debug_str      0x0000000000000000    0x9fe52
 .debug_str     0x0000000000000000    0x96686 Core/Src/DWT_Delay.o
                                      0x96a97 (size before relaxing)
 .debug_str     0x0000000000096686      0x82c Core/Src/STEPPER.o
                                      0x97360 (size before relaxing)
 .debug_str     0x0000000000096eb2       0x1a Core/Src/STEPPER_cfg.o
                                      0x96af6 (size before relaxing)
 .debug_str     0x0000000000096ecc     0x18ac Core/Src/clock_functions.o
                                      0x98335 (size before relaxing)
 .debug_str     0x0000000000098778      0x1ea Core/Src/eeprom.o
                                      0x9839c (size before relaxing)
 .debug_str     0x0000000000098962     0x3fb2 Core/Src/main.o
                                      0x9ca1e (size before relaxing)
 .debug_str     0x000000000009c914       0xd1 Core/Src/stm32f1xx_hal_msp.o
                                      0x976bb (size before relaxing)
 .debug_str     0x000000000009c9e5      0x114 Core/Src/stm32f1xx_it.o
                                      0x972ea (size before relaxing)
 .debug_str     0x000000000009caf9       0x52 Core/Src/system_stm32f1xx.o
                                      0x96a1c (size before relaxing)
 .debug_str     0x000000000009cb4b       0x67 Core/Startup/startup_stm32f103zetx.o
 .debug_str     0x000000000009cbb2      0x2ed Drivers/STM32F1xx_HAL_Driver/Src/stm32f1xx_hal.o
                                      0x97191 (size before relaxing)
 .debug_str     0x000000000009ce9f      0x357 Drivers/STM32F1xx_HAL_Driver/Src/stm32f1xx_hal_adc.o
                                      0x970ac (size before relaxing)
 .debug_str     0x000000000009d1f6      0x2fb Drivers/STM32F1xx_HAL_Driver/Src/stm32f1xx_hal_adc_ex.o
                                      0x97061 (size before relaxing)
 .debug_str     0x000000000009d4f1      0x2f0 Drivers/STM32F1xx_HAL_Driver/Src/stm32f1xx_hal_cortex.o
                                      0x97199 (size before relaxing)
 .debug_str     0x000000000009d7e1      0x235 Drivers/STM32F1xx_HAL_Driver/Src/stm32f1xx_hal_dma.o
                                      0x96df7 (size before relaxing)
 .debug_str     0x000000000009da16      0x280 Drivers/STM32F1xx_HAL_Driver/Src/stm32f1xx_hal_flash.o
                                      0x96cf2 (size before relaxing)
 .debug_str     0x000000000009dc96      0x31d Drivers/STM32F1xx_HAL_Driver/Src/stm32f1xx_hal_flash_ex.o
                                      0x96eb6 (size before relaxing)
 .debug_str     0x000000000009dfb3      0x31f Drivers/STM32F1xx_HAL_Driver/Src/stm32f1xx_hal_gpio.o
                                      0x96de0 (size before relaxing)
 .debug_str     0x000000000009e2d2      0x24f Drivers/STM32F1xx_HAL_Driver/Src/stm32f1xx_hal_rcc.o
                                      0x96e19 (size before relaxing)
 .debug_str     0x000000000009e521       0xb9 Drivers/STM32F1xx_HAL_Driver/Src/stm32f1xx_hal_rcc_ex.o
                                      0x96bcc (size before relaxing)
 .debug_str     0x000000000009e5da      0xdb5 Drivers/STM32F1xx_HAL_Driver/Src/stm32f1xx_hal_tim.o
                                      0x97deb (size before relaxing)
 .debug_str     0x000000000009f38f      0x4ee Drivers/STM32F1xx_HAL_Driver/Src/stm32f1xx_hal_tim_ex.o
                                      0x9759c (size before relaxing)
 .debug_str     0x000000000009f87d      0x5d5 Drivers/STM32F1xx_HAL_Driver/Src/stm32f1xx_hal_uart.o
                                      0x9740b (size before relaxing)

.comment        0x0000000000000000       0x7b
 .comment       0x0000000000000000       0x7b Core/Src/DWT_Delay.o
                                         0x7c (size before relaxing)
 .comment       0x000000000000007b       0x7c Core/Src/STEPPER.o
 .comment       0x000000000000007b       0x7c Core/Src/STEPPER_cfg.o
 .comment       0x000000000000007b       0x7c Core/Src/clock_functions.o
 .comment       0x000000000000007b       0x7c Core/Src/eeprom.o
 .comment       0x000000000000007b       0x7c Core/Src/main.o
 .comment       0x000000000000007b       0x7c Core/Src/stm32f1xx_hal_msp.o
 .comment       0x000000000000007b       0x7c Core/Src/stm32f1xx_it.o
 .comment       0x000000000000007b       0x7c Core/Src/system_stm32f1xx.o
 .comment       0x000000000000007b       0x7c Drivers/STM32F1xx_HAL_Driver/Src/stm32f1xx_hal.o
 .comment       0x000000000000007b       0x7c Drivers/STM32F1xx_HAL_Driver/Src/stm32f1xx_hal_adc.o
 .comment       0x000000000000007b       0x7c Drivers/STM32F1xx_HAL_Driver/Src/stm32f1xx_hal_adc_ex.o
 .comment       0x000000000000007b       0x7c Drivers/STM32F1xx_HAL_Driver/Src/stm32f1xx_hal_cortex.o
 .comment       0x000000000000007b       0x7c Drivers/STM32F1xx_HAL_Driver/Src/stm32f1xx_hal_dma.o
 .comment       0x000000000000007b       0x7c Drivers/STM32F1xx_HAL_Driver/Src/stm32f1xx_hal_flash.o
 .comment       0x000000000000007b       0x7c Drivers/STM32F1xx_HAL_Driver/Src/stm32f1xx_hal_flash_ex.o
 .comment       0x000000000000007b       0x7c Drivers/STM32F1xx_HAL_Driver/Src/stm32f1xx_hal_gpio.o
 .comment       0x000000000000007b       0x7c Drivers/STM32F1xx_HAL_Driver/Src/stm32f1xx_hal_rcc.o
 .comment       0x000000000000007b       0x7c Drivers/STM32F1xx_HAL_Driver/Src/stm32f1xx_hal_rcc_ex.o
 .comment       0x000000000000007b       0x7c Drivers/STM32F1xx_HAL_Driver/Src/stm32f1xx_hal_tim.o
 .comment       0x000000000000007b       0x7c Drivers/STM32F1xx_HAL_Driver/Src/stm32f1xx_hal_tim_ex.o
 .comment       0x000000000000007b       0x7c Drivers/STM32F1xx_HAL_Driver/Src/stm32f1xx_hal_uart.o

.debug_frame    0x0000000000000000     0x4288
 .debug_frame   0x0000000000000000       0x30 Core/Src/DWT_Delay.o
 .debug_frame   0x0000000000000030      0x18c Core/Src/STEPPER.o
 .debug_frame   0x00000000000001bc       0x6c Core/Src/clock_functions.o
 .debug_frame   0x0000000000000228      0x140 Core/Src/eeprom.o
 .debug_frame   0x0000000000000368      0x140 Core/Src/main.o
 .debug_frame   0x00000000000004a8      0x110 Core/Src/stm32f1xx_hal_msp.o
 .debug_frame   0x00000000000005b8      0x1e4 Core/Src/stm32f1xx_it.o
 .debug_frame   0x000000000000079c       0x58 Core/Src/system_stm32f1xx.o
 .debug_frame   0x00000000000007f4      0x334 Drivers/STM32F1xx_HAL_Driver/Src/stm32f1xx_hal.o
 .debug_frame   0x0000000000000b28      0x40c Drivers/STM32F1xx_HAL_Driver/Src/stm32f1xx_hal_adc.o
 .debug_frame   0x0000000000000f34      0x200 Drivers/STM32F1xx_HAL_Driver/Src/stm32f1xx_hal_adc_ex.o
 .debug_frame   0x0000000000001134      0x428 Drivers/STM32F1xx_HAL_Driver/Src/stm32f1xx_hal_cortex.o
 .debug_frame   0x000000000000155c      0x20c Drivers/STM32F1xx_HAL_Driver/Src/stm32f1xx_hal_dma.o
 .debug_frame   0x0000000000001768      0x214 Drivers/STM32F1xx_HAL_Driver/Src/stm32f1xx_hal_flash.o
 .debug_frame   0x000000000000197c      0x258 Drivers/STM32F1xx_HAL_Driver/Src/stm32f1xx_hal_flash_ex.o
 .debug_frame   0x0000000000001bd4      0x14c Drivers/STM32F1xx_HAL_Driver/Src/stm32f1xx_hal_gpio.o
 .debug_frame   0x0000000000001d20      0x21c Drivers/STM32F1xx_HAL_Driver/Src/stm32f1xx_hal_rcc.o
 .debug_frame   0x0000000000001f3c       0x84 Drivers/STM32F1xx_HAL_Driver/Src/stm32f1xx_hal_rcc_ex.o
 .debug_frame   0x0000000000001fc0     0x11bc Drivers/STM32F1xx_HAL_Driver/Src/stm32f1xx_hal_tim.o
 .debug_frame   0x000000000000317c      0x638 Drivers/STM32F1xx_HAL_Driver/Src/stm32f1xx_hal_tim_ex.o
 .debug_frame   0x00000000000037b4      0x914 Drivers/STM32F1xx_HAL_Driver/Src/stm32f1xx_hal_uart.o
 .debug_frame   0x00000000000040c8       0x2c c:/st/stm32cubeide_1.5.1/stm32cubeide/plugins/com.st.stm32cube.ide.mcu.externaltools.gnu-tools-for-stm32.7-2018-q2-update.win32_1.5.0.202011040924/tools/bin/../lib/gcc/arm-none-eabi/7.3.1/../../../../arm-none-eabi/lib/thumb/v7-m\libc_nano.a(lib_a-init.o)
 .debug_frame   0x00000000000040f4       0x20 c:/st/stm32cubeide_1.5.1/stm32cubeide/plugins/com.st.stm32cube.ide.mcu.externaltools.gnu-tools-for-stm32.7-2018-q2-update.win32_1.5.0.202011040924/tools/bin/../lib/gcc/arm-none-eabi/7.3.1/../../../../arm-none-eabi/lib/thumb/v7-m\libc_nano.a(lib_a-memset.o)
 .debug_frame   0x0000000000004114       0x30 c:/st/stm32cubeide_1.5.1/stm32cubeide/plugins/com.st.stm32cube.ide.mcu.externaltools.gnu-tools-for-stm32.7-2018-q2-update.win32_1.5.0.202011040924/tools/bin/../lib/gcc/arm-none-eabi/7.3.1/../../../../arm-none-eabi/lib/thumb/v7-m\libm.a(lib_a-s_round.o)
 .debug_frame   0x0000000000004144       0xac c:/st/stm32cubeide_1.5.1/stm32cubeide/plugins/com.st.stm32cube.ide.mcu.externaltools.gnu-tools-for-stm32.7-2018-q2-update.win32_1.5.0.202011040924/tools/bin/../lib/gcc/arm-none-eabi/7.3.1/thumb/v7-m\libgcc.a(_arm_addsubdf3.o)
 .debug_frame   0x00000000000041f0       0x50 c:/st/stm32cubeide_1.5.1/stm32cubeide/plugins/com.st.stm32cube.ide.mcu.externaltools.gnu-tools-for-stm32.7-2018-q2-update.win32_1.5.0.202011040924/tools/bin/../lib/gcc/arm-none-eabi/7.3.1/thumb/v7-m\libgcc.a(_arm_muldivdf3.o)
 .debug_frame   0x0000000000004240       0x24 c:/st/stm32cubeide_1.5.1/stm32cubeide/plugins/com.st.stm32cube.ide.mcu.externaltools.gnu-tools-for-stm32.7-2018-q2-update.win32_1.5.0.202011040924/tools/bin/../lib/gcc/arm-none-eabi/7.3.1/thumb/v7-m\libgcc.a(_arm_fixunsdfsi.o)
 .debug_frame   0x0000000000004264       0x24 c:/st/stm32cubeide_1.5.1/stm32cubeide/plugins/com.st.stm32cube.ide.mcu.externaltools.gnu-tools-for-stm32.7-2018-q2-update.win32_1.5.0.202011040924/tools/bin/../lib/gcc/arm-none-eabi/7.3.1/thumb/v7-m\libgcc.a(_arm_truncdfsf2.o)
